Archive member included to satisfy reference by file (symbol)

/Applications/STM32CubeIDE.app/Contents/Eclipse/plugins/com.st.stm32cube.ide.mcu.externaltools.gnu-tools-for-stm32.9-2020-q2-update.macos64_2.0.0.202105311346/tools/bin/../lib/gcc/arm-none-eabi/9.3.1/../../../../arm-none-eabi/lib/thumb/v7e-m+fp/hard/libc_nano.a(lib_a-errno.o)
                              ./Core/Src/syscalls.o (__errno)
/Applications/STM32CubeIDE.app/Contents/Eclipse/plugins/com.st.stm32cube.ide.mcu.externaltools.gnu-tools-for-stm32.9-2020-q2-update.macos64_2.0.0.202105311346/tools/bin/../lib/gcc/arm-none-eabi/9.3.1/../../../../arm-none-eabi/lib/thumb/v7e-m+fp/hard/libc_nano.a(lib_a-exit.o)
                              /Applications/STM32CubeIDE.app/Contents/Eclipse/plugins/com.st.stm32cube.ide.mcu.externaltools.gnu-tools-for-stm32.9-2020-q2-update.macos64_2.0.0.202105311346/tools/bin/../lib/gcc/arm-none-eabi/9.3.1/../../../../arm-none-eabi/lib/thumb/v7e-m+fp/hard/crt0.o (exit)
/Applications/STM32CubeIDE.app/Contents/Eclipse/plugins/com.st.stm32cube.ide.mcu.externaltools.gnu-tools-for-stm32.9-2020-q2-update.macos64_2.0.0.202105311346/tools/bin/../lib/gcc/arm-none-eabi/9.3.1/../../../../arm-none-eabi/lib/thumb/v7e-m+fp/hard/libc_nano.a(lib_a-impure.o)
                              /Applications/STM32CubeIDE.app/Contents/Eclipse/plugins/com.st.stm32cube.ide.mcu.externaltools.gnu-tools-for-stm32.9-2020-q2-update.macos64_2.0.0.202105311346/tools/bin/../lib/gcc/arm-none-eabi/9.3.1/../../../../arm-none-eabi/lib/thumb/v7e-m+fp/hard/libc_nano.a(lib_a-exit.o) (_global_impure_ptr)
/Applications/STM32CubeIDE.app/Contents/Eclipse/plugins/com.st.stm32cube.ide.mcu.externaltools.gnu-tools-for-stm32.9-2020-q2-update.macos64_2.0.0.202105311346/tools/bin/../lib/gcc/arm-none-eabi/9.3.1/../../../../arm-none-eabi/lib/thumb/v7e-m+fp/hard/libc_nano.a(lib_a-init.o)
                              /Applications/STM32CubeIDE.app/Contents/Eclipse/plugins/com.st.stm32cube.ide.mcu.externaltools.gnu-tools-for-stm32.9-2020-q2-update.macos64_2.0.0.202105311346/tools/bin/../lib/gcc/arm-none-eabi/9.3.1/../../../../arm-none-eabi/lib/thumb/v7e-m+fp/hard/crt0.o (__libc_init_array)
/Applications/STM32CubeIDE.app/Contents/Eclipse/plugins/com.st.stm32cube.ide.mcu.externaltools.gnu-tools-for-stm32.9-2020-q2-update.macos64_2.0.0.202105311346/tools/bin/../lib/gcc/arm-none-eabi/9.3.1/../../../../arm-none-eabi/lib/thumb/v7e-m+fp/hard/libc_nano.a(lib_a-memset.o)
                              /Applications/STM32CubeIDE.app/Contents/Eclipse/plugins/com.st.stm32cube.ide.mcu.externaltools.gnu-tools-for-stm32.9-2020-q2-update.macos64_2.0.0.202105311346/tools/bin/../lib/gcc/arm-none-eabi/9.3.1/../../../../arm-none-eabi/lib/thumb/v7e-m+fp/hard/crt0.o (memset)
/Applications/STM32CubeIDE.app/Contents/Eclipse/plugins/com.st.stm32cube.ide.mcu.externaltools.gnu-tools-for-stm32.9-2020-q2-update.macos64_2.0.0.202105311346/tools/bin/../lib/gcc/arm-none-eabi/9.3.1/../../../../arm-none-eabi/lib/thumb/v7e-m+fp/hard/libc_nano.a(lib_a-sprintf.o)
                              ./Core/Src/sensors.o (sprintf)
/Applications/STM32CubeIDE.app/Contents/Eclipse/plugins/com.st.stm32cube.ide.mcu.externaltools.gnu-tools-for-stm32.9-2020-q2-update.macos64_2.0.0.202105311346/tools/bin/../lib/gcc/arm-none-eabi/9.3.1/../../../../arm-none-eabi/lib/thumb/v7e-m+fp/hard/libc_nano.a(lib_a-nano-svfprintf.o)
                              /Applications/STM32CubeIDE.app/Contents/Eclipse/plugins/com.st.stm32cube.ide.mcu.externaltools.gnu-tools-for-stm32.9-2020-q2-update.macos64_2.0.0.202105311346/tools/bin/../lib/gcc/arm-none-eabi/9.3.1/../../../../arm-none-eabi/lib/thumb/v7e-m+fp/hard/libc_nano.a(lib_a-sprintf.o) (_svfprintf_r)
/Applications/STM32CubeIDE.app/Contents/Eclipse/plugins/com.st.stm32cube.ide.mcu.externaltools.gnu-tools-for-stm32.9-2020-q2-update.macos64_2.0.0.202105311346/tools/bin/../lib/gcc/arm-none-eabi/9.3.1/../../../../arm-none-eabi/lib/thumb/v7e-m+fp/hard/libc_nano.a(lib_a-nano-vfprintf_i.o)
                              /Applications/STM32CubeIDE.app/Contents/Eclipse/plugins/com.st.stm32cube.ide.mcu.externaltools.gnu-tools-for-stm32.9-2020-q2-update.macos64_2.0.0.202105311346/tools/bin/../lib/gcc/arm-none-eabi/9.3.1/../../../../arm-none-eabi/lib/thumb/v7e-m+fp/hard/libc_nano.a(lib_a-nano-svfprintf.o) (_printf_i)
/Applications/STM32CubeIDE.app/Contents/Eclipse/plugins/com.st.stm32cube.ide.mcu.externaltools.gnu-tools-for-stm32.9-2020-q2-update.macos64_2.0.0.202105311346/tools/bin/../lib/gcc/arm-none-eabi/9.3.1/../../../../arm-none-eabi/lib/thumb/v7e-m+fp/hard/libc_nano.a(lib_a-memchr.o)
                              /Applications/STM32CubeIDE.app/Contents/Eclipse/plugins/com.st.stm32cube.ide.mcu.externaltools.gnu-tools-for-stm32.9-2020-q2-update.macos64_2.0.0.202105311346/tools/bin/../lib/gcc/arm-none-eabi/9.3.1/../../../../arm-none-eabi/lib/thumb/v7e-m+fp/hard/libc_nano.a(lib_a-nano-svfprintf.o) (memchr)
[...]
Memory Configuration

Name             Origin             Length             Attributes
RAM              0x0000000020000000 0x0000000000010000 xrw
FLASH            0x0000000008000000 0x0000000000040000 xr
*default*        0x0000000000000000 0xffffffffffffffff

Linker script and memory map

LOAD /Applications/STM32CubeIDE.app/Contents/Eclipse/plugins/com.st.stm32cube.ide.mcu.externaltools.gnu-tools-for-stm32.9-2020-q2-update.macos64_2.0.0.202105311346/tools/bin/../lib/gcc/arm-none-eabi/9.3.1/thumb/v7e-m+fp/hard/crti.o
LOAD /Applications/STM32CubeIDE.app/Contents/Eclipse/plugins/com.st.stm32cube.ide.mcu.externaltools.gnu-tools-for-stm32.9-2020-q2-update.macos64_2.0.0.202105311346/tools/bin/../lib/gcc/arm-none-eabi/9.3.1/thumb/v7e-m+fp/hard/crtbegin.o
LOAD /Applications/STM32CubeIDE.app/Contents/Eclipse/plugins/com.st.stm32cube.ide.mcu.externaltools.gnu-tools-for-stm32.9-2020-q2-update.macos64_2.0.0.202105311346/tools/bin/../lib/gcc/arm-none-eabi/9.3.1/../../../../arm-none-eabi/lib/thumb/v7e-m+fp/hard/crt0.o
LOAD ./Core/Src/adc.o
LOAD ./Core/Src/dma.o
LOAD ./Core/Src/driving.o
LOAD ./Core/Src/gpio.o
LOAD ./Core/Src/main.o
LOAD ./Core/Src/sensors.o
LOAD ./Core/Src/stm32l4xx_hal_msp.o
LOAD ./Core/Src/stm32l4xx_it.o
LOAD ./Core/Src/syscalls.o
LOAD ./Core/Src/sysmem.o
LOAD ./Core/Src/system_stm32l4xx.o
LOAD ./Core/Src/tasks.o
LOAD ./Core/Src/tim.o
LOAD ./Core/Src/usart.o
LOAD ./Core/Src/utility.o
LOAD ./Core/Startup/startup_stm32l432kcux.o
LOAD ./Drivers/STM32L4xx_HAL_Driver/Src/stm32l4xx_hal.o
LOAD ./Drivers/STM32L4xx_HAL_Driver/Src/stm32l4xx_hal_adc.o
LOAD ./Drivers/STM32L4xx_HAL_Driver/Src/stm32l4xx_hal_adc_ex.o
LOAD ./Drivers/STM32L4xx_HAL_Driver/Src/stm32l4xx_hal_cortex.o
LOAD ./Drivers/STM32L4xx_HAL_Driver/Src/stm32l4xx_hal_dma.o
LOAD ./Drivers/STM32L4xx_HAL_Driver/Src/stm32l4xx_hal_dma_ex.o
LOAD ./Drivers/STM32L4xx_HAL_Driver/Src/stm32l4xx_hal_exti.o
LOAD ./Drivers/STM32L4xx_HAL_Driver/Src/stm32l4xx_hal_flash.o
LOAD ./Drivers/STM32L4xx_HAL_Driver/Src/stm32l4xx_hal_flash_ex.o
LOAD ./Drivers/STM32L4xx_HAL_Driver/Src/stm32l4xx_hal_flash_ramfunc.o
LOAD ./Drivers/STM32L4xx_HAL_Driver/Src/stm32l4xx_hal_gpio.o
LOAD ./Drivers/STM32L4xx_HAL_Driver/Src/stm32l4xx_hal_i2c.o
LOAD ./Drivers/STM32L4xx_HAL_Driver/Src/stm32l4xx_hal_i2c_ex.o
LOAD ./Drivers/STM32L4xx_HAL_Driver/Src/stm32l4xx_hal_pwr.o
LOAD ./Drivers/STM32L4xx_HAL_Driver/Src/stm32l4xx_hal_pwr_ex.o
LOAD ./Drivers/STM32L4xx_HAL_Driver/Src/stm32l4xx_hal_rcc.o
LOAD ./Drivers/STM32L4xx_HAL_Driver/Src/stm32l4xx_hal_rcc_ex.o
LOAD ./Drivers/STM32L4xx_HAL_Driver/Src/stm32l4xx_hal_tim.o
LOAD ./Drivers/STM32L4xx_HAL_Driver/Src/stm32l4xx_hal_tim_ex.o
LOAD ./Drivers/STM32L4xx_HAL_Driver/Src/stm32l4xx_hal_uart.o
LOAD ./Drivers/STM32L4xx_HAL_Driver/Src/stm32l4xx_hal_uart_ex.o
START GROUP
LOAD /Applications/STM32CubeIDE.app/Contents/Eclipse/plugins/com.st.stm32cube.ide.mcu.externaltools.gnu-tools-for-stm32.9-2020-q2-update.macos64_2.0.0.202105311346/tools/bin/../lib/gcc/arm-none-eabi/9.3.1/../../../../arm-none-eabi/lib/thumb/v7e-m+fp/hard/libc_nano.a
LOAD /Applications/STM32CubeIDE.app/Contents/Eclipse/plugins/com.st.stm32cube.ide.mcu.externaltools.gnu-tools-for-stm32.9-2020-q2-update.macos64_2.0.0.202105311346/tools/bin/../lib/gcc/arm-none-eabi/9.3.1/../../../../arm-none-eabi/lib/thumb/v7e-m+fp/hard/libm.a
END GROUP
START GROUP
LOAD /Applications/STM32CubeIDE.app/Contents/Eclipse/plugins/com.st.stm32cube.ide.mcu.externaltools.gnu-tools-for-stm32.9-2020-q2-update.macos64_2.0.0.202105311346/tools/bin/../lib/gcc/arm-none-eabi/9.3.1/thumb/v7e-m+fp/hard/libgcc.a
LOAD /Applications/STM32CubeIDE.app/Contents/Eclipse/plugins/com.st.stm32cube.ide.mcu.externaltools.gnu-tools-for-stm32.9-2020-q2-update.macos64_2.0.0.202105311346/tools/bin/../lib/gcc/arm-none-eabi/9.3.1/../../../../arm-none-eabi/lib/thumb/v7e-m+fp/hard/libc_nano.a
END GROUP
START GROUP
LOAD /Applications/STM32CubeIDE.app/Contents/Eclipse/plugins/com.st.stm32cube.ide.mcu.externaltools.gnu-tools-for-stm32.9-2020-q2-update.macos64_2.0.0.202105311346/tools/bin/../lib/gcc/arm-none-eabi/9.3.1/thumb/v7e-m+fp/hard/libgcc.a
LOAD /Applications/STM32CubeIDE.app/Contents/Eclipse/plugins/com.st.stm32cube.ide.mcu.externaltools.gnu-tools-for-stm32.9-2020-q2-update.macos64_2.0.0.202105311346/tools/bin/../lib/gcc/arm-none-eabi/9.3.1/../../../../arm-none-eabi/lib/thumb/v7e-m+fp/hard/libc_nano.a
LOAD /Applications/STM32CubeIDE.app/Contents/Eclipse/plugins/com.st.stm32cube.ide.mcu.externaltools.gnu-tools-for-stm32.9-2020-q2-update.macos64_2.0.0.202105311346/tools/bin/../lib/gcc/arm-none-eabi/9.3.1/../../../../arm-none-eabi/lib/thumb/v7e-m+fp/hard/libnosys.a
END GROUP
START GROUP
LOAD /Applications/STM32CubeIDE.app/Contents/Eclipse/plugins/com.st.stm32cube.ide.mcu.externaltools.gnu-tools-for-stm32.9-2020-q2-update.macos64_2.0.0.202105311346/tools/bin/../lib/gcc/arm-none-eabi/9.3.1/thumb/v7e-m+fp/hard/libgcc.a
LOAD /Applications/STM32CubeIDE.app/Contents/Eclipse/plugins/com.st.stm32cube.ide.mcu.externaltools.gnu-tools-for-stm32.9-2020-q2-update.macos64_2.0.0.202105311346/tools/bin/../lib/gcc/arm-none-eabi/9.3.1/../../../../arm-none-eabi/lib/thumb/v7e-m+fp/hard/libc_nano.a
LOAD /Applications/STM32CubeIDE.app/Contents/Eclipse/plugins/com.st.stm32cube.ide.mcu.externaltools.gnu-tools-for-stm32.9-2020-q2-update.macos64_2.0.0.202105311346/tools/bin/../lib/gcc/arm-none-eabi/9.3.1/../../../../arm-none-eabi/lib/thumb/v7e-m+fp/hard/libnosys.a
END GROUP
LOAD /Applications/STM32CubeIDE.app/Contents/Eclipse/plugins/com.st.stm32cube.ide.mcu.externaltools.gnu-tools-for-stm32.9-2020-q2-update.macos64_2.0.0.202105311346/tools/bin/../lib/gcc/arm-none-eabi/9.3.1/thumb/v7e-m+fp/hard/crtend.o
LOAD /Applications/STM32CubeIDE.app/Contents/Eclipse/plugins/com.st.stm32cube.ide.mcu.externaltools.gnu-tools-for-stm32.9-2020-q2-update.macos64_2.0.0.202105311346/tools/bin/../lib/gcc/arm-none-eabi/9.3.1/thumb/v7e-m+fp/hard/crtn.o
                0x0000000020010000                _estack = (ORIGIN (RAM) + LENGTH (RAM))
                0x0000000000000200                _Min_Heap_Size = 0x200
                0x0000000000000400                _Min_Stack_Size = 0x400

.isr_vector     0x0000000008000000      0x18c
                0x0000000008000000                . = ALIGN (0x4)
 *(.isr_vector)
 .isr_vector    0x0000000008000000      0x18c ./Core/Startup/startup_stm32l432kcux.o
                0x0000000008000000                g_pfnVectors
                0x000000000800018c                . = ALIGN (0x4)

.text           0x0000000008000190     0x6f20
                0x0000000008000190                . = ALIGN (0x4)
 *(.text)
 .text          0x0000000008000190       0x40 /Applications/STM32CubeIDE.app/Contents/Eclipse/plugins/com.st.stm32cube.ide.mcu.externaltools.gnu-tools-for-stm32.9-2020-q2-update.macos64_2.0.0.202105311346/tools/bin/../lib/gcc/arm-none-eabi/9.3.1/thumb/v7e-m+fp/hard/crtbegin.o
 .text          0x00000000080001d0       0xa0 /Applications/STM32CubeIDE.app/Contents/Eclipse/plugins/com.st.stm32cube.ide.mcu.externaltools.gnu-tools-for-stm32.9-2020-q2-update.macos64_2.0.0.202105311346/tools/bin/../lib/gcc/arm-none-eabi/9.3.1/../../../../arm-none-eabi/lib/thumb/v7e-m+fp/hard/libc_nano.a(lib_a-memchr.o)
                0x00000000080001d0                memchr
 .text          0x0000000008000270      0x254 /Applications/STM32CubeIDE.app/Contents/Eclipse/plugins/com.st.stm32cube.ide.mcu.externaltools.gnu-tools-for-stm32.9-2020-q2-update.macos64_2.0.0.202105311346/tools/bin/../lib/gcc/arm-none-eabi/9.3.1/thumb/v7e-m+fp/hard/libgcc.a(_arm_muldf3.o)
                0x0000000008000270                __aeabi_dmul
                0x0000000008000270                __muldf3
 .text          0x00000000080004c4      0x378 /Applications/STM32CubeIDE.app/Contents/Eclipse/plugins/com.st.stm32cube.ide.mcu.externaltools.gnu-tools-for-stm32.9-2020-q2-update.macos64_2.0.0.202105311346/tools/bin/../lib/gcc/arm-none-eabi/9.3.1/thumb/v7e-m+fp/hard/libgcc.a(_arm_addsubdf3.o)
                0x00000000080004c4                __aeabi_drsub
                0x00000000080004cc                __subdf3
                0x00000000080004cc                __aeabi_dsub
                0x00000000080004d0                __aeabi_dadd
                0x00000000080004d0                __adddf3
                0x0000000008000748                __aeabi_ui2d
                0x0000000008000748                __floatunsidf
                0x0000000008000768                __floatsidf
                0x0000000008000768                __aeabi_i2d
                0x000000000800078c                __extendsfdf2
                0x000000000800078c                __aeabi_f2d
                0x00000000080007d0                __aeabi_ul2d
                0x00000000080007d0                __floatundidf
                0x00000000080007e0                __aeabi_l2d
                0x00000000080007e0                __floatdidf
 .text          0x000000000800083c      0x110 /Applications/STM32CubeIDE.app/Contents/Eclipse/plugins/com.st.stm32cube.ide.mcu.externaltools.gnu-tools-for-stm32.9-2020-q2-update.macos64_2.0.0.202105311346/tools/bin/../lib/gcc/arm-none-eabi/9.3.1/thumb/v7e-m+fp/hard/libgcc.a(_arm_cmpdf2.o)
                0x000000000800083c                __gedf2
                0x000000000800083c                __gtdf2
                0x0000000008000844                __ledf2
                0x0000000008000844                __ltdf2
                0x000000000800084c                __cmpdf2
                0x000000000800084c                __eqdf2
                0x000000000800084c                __nedf2
                0x00000000080008c8                __aeabi_cdrcmple
                0x00000000080008d8                __aeabi_cdcmple
                0x00000000080008d8                __aeabi_cdcmpeq
                0x00000000080008e8                __aeabi_dcmpeq
                0x00000000080008fc                __aeabi_dcmplt
                0x0000000008000910                __aeabi_dcmple
                0x0000000008000924                __aeabi_dcmpge
                0x0000000008000938                __aeabi_dcmpgt
 .text          0x000000000800094c       0x50 /Applications/STM32CubeIDE.app/Contents/Eclipse/plugins/com.st.stm32cube.ide.mcu.externaltools.gnu-tools-for-stm32.9-2020-q2-update.macos64_2.0.0.202105311346/tools/bin/../lib/gcc/arm-none-eabi/9.3.1/thumb/v7e-m+fp/hard/libgcc.a(_arm_fixdfsi.o)
                0x000000000800094c                __fixdfsi
                0x000000000800094c                __aeabi_d2iz
 .text          0x000000000800099c       0x30 /Applications/STM32CubeIDE.app/Contents/Eclipse/plugins/com.st.stm32cube.ide.mcu.externaltools.gnu-tools-for-stm32.9-2020-q2-update.macos64_2.0.0.202105311346/tools/bin/../lib/gcc/arm-none-eabi/9.3.1/thumb/v7e-m+fp/hard/libgcc.a(_aeabi_uldivmod.o)
                0x000000000800099c                __aeabi_uldivmod
 .text          0x00000000080009cc      0x2c4 /Applications/STM32CubeIDE.app/Contents/Eclipse/plugins/com.st.stm32cube.ide.mcu.externaltools.gnu-tools-for-stm32.9-2020-q2-update.macos64_2.0.0.202105311346/tools/bin/../lib/gcc/arm-none-eabi/9.3.1/thumb/v7e-m+fp/hard/libgcc.a(_udivmoddi4.o)
                0x00000000080009cc                __udivmoddi4
 .text          0x0000000008000c90        0x4 /Applications/STM32CubeIDE.app/Contents/Eclipse/plugins/com.st.stm32cube.ide.mcu.externaltools.gnu-tools-for-stm32.9-2020-q2-update.macos64_2.0.0.202105311346/tools/bin/../lib/gcc/arm-none-eabi/9.3.1/thumb/v7e-m+fp/hard/libgcc.a(_dvmd_tls.o)
                0x0000000008000c90                __aeabi_ldiv0
                0x0000000008000c90                __aeabi_idiv0
 *(.text*)
 .text.MX_ADC1_Init
                0x0000000008000c94      0x16c ./Core/Src/adc.o
                0x0000000008000c94                MX_ADC1_Init
 .text.HAL_ADC_MspInit
                0x0000000008000e00      0x128 ./Core/Src/adc.o
                0x0000000008000e00                HAL_ADC_MspInit
 .text.MX_DMA_Init
                0x0000000008000f28       0x3c ./Core/Src/dma.o
                0x0000000008000f28                MX_DMA_Init
 *fill*         0x0000000008000f64        0x4 
 .text.drive    0x0000000008000f68      0x1b8 ./Core/Src/driving.o
                0x0000000008000f68                drive
 .text.driveForward
                0x0000000008001120       0xd4 ./Core/Src/driving.o
                0x0000000008001120                driveForward
 .text.MX_GPIO_Init
                0x00000000080011f4       0xe0 ./Core/Src/gpio.o
                0x00000000080011f4                MX_GPIO_Init
 .text.setup    0x00000000080012d4       0x30 ./Core/Src/main.o
                0x00000000080012d4                setup
 .text.main     0x0000000008001304       0x94 ./Core/Src/main.o
                0x0000000008001304                main
 .text.SystemClock_Config
                0x0000000008001398       0xc4 ./Core/Src/main.o
                0x0000000008001398                SystemClock_Config
 .text.Error_Handler
                0x000000000800145c        0xa ./Core/Src/main.o
                0x000000000800145c                Error_Handler
 *fill*         0x0000000008001466        0x2 
 .text.outputSensor
                0x0000000008001468       0x60 ./Core/Src/sensors.o
                0x0000000008001468                outputSensor
 .text.HAL_ADC_ConvCpltCallback
                0x00000000080014c8       0x40 ./Core/Src/sensors.o
                0x00000000080014c8                HAL_ADC_ConvCpltCallback
 .text.SchmittTrigger
                0x0000000008001508       0xb0 ./Core/Src/sensors.o
                0x0000000008001508                SchmittTrigger
 .text.detectColour
                0x00000000080015b8       0x6c ./Core/Src/sensors.o
                0x00000000080015b8                detectColour
 .text.HAL_MspInit
                0x0000000008001624       0x48 ./Core/Src/stm32l4xx_hal_msp.o
                0x0000000008001624                HAL_MspInit
 .text.NMI_Handler
                0x000000000800166c        0x6 ./Core/Src/stm32l4xx_it.o
                0x000000000800166c                NMI_Handler
 .text.HardFault_Handler
                0x0000000008001672        0x6 ./Core/Src/stm32l4xx_it.o
                0x0000000008001672                HardFault_Handler
 .text.MemManage_Handler
                0x0000000008001678        0x6 ./Core/Src/stm32l4xx_it.o
                0x0000000008001678                MemManage_Handler
 .text.BusFault_Handler
                0x000000000800167e        0x6 ./Core/Src/stm32l4xx_it.o
                0x000000000800167e                BusFault_Handler
 .text.UsageFault_Handler
                0x0000000008001684        0x6 ./Core/Src/stm32l4xx_it.o
                0x0000000008001684                UsageFault_Handler
 .text.SVC_Handler
                0x000000000800168a        0xe ./Core/Src/stm32l4xx_it.o
                0x000000000800168a                SVC_Handler
 .text.DebugMon_Handler
                0x0000000008001698        0xe ./Core/Src/stm32l4xx_it.o
                0x0000000008001698                DebugMon_Handler
 .text.PendSV_Handler
                0x00000000080016a6        0xe ./Core/Src/stm32l4xx_it.o
                0x00000000080016a6                PendSV_Handler
 .text.SysTick_Handler
                0x00000000080016b4        0xc ./Core/Src/stm32l4xx_it.o
                0x00000000080016b4                SysTick_Handler
 .text.DMA1_Channel1_IRQHandler
                0x00000000080016c0       0x14 ./Core/Src/stm32l4xx_it.o
                0x00000000080016c0                DMA1_Channel1_IRQHandler
 .text._sbrk    0x00000000080016d4       0x6c ./Core/Src/sysmem.o
                0x00000000080016d4                _sbrk
 .text.SystemInit
                0x0000000008001740       0x64 ./Core/Src/system_stm32l4xx.o
                0x0000000008001740                SystemInit
 *fill*         0x00000000080017a4        0x4 
 .text.task_followTrajectory
                0x00000000080017a8      0x10c ./Core/Src/tasks.o
                0x00000000080017a8                task_followTrajectory
 *fill*         0x00000000080018b4        0x4 
 .text.task_followLine
                0x00000000080018b8      0x154 ./Core/Src/tasks.o
                0x00000000080018b8                task_followLine
 *fill*         0x0000000008001a0c        0x4 
 .text.task_searchLine
                0x0000000008001a10      0x154 ./Core/Src/tasks.o
                0x0000000008001a10                task_searchLine
 *fill*         0x0000000008001b64        0x4 
 .text.task_avoidObstacle
                0x0000000008001b68       0xcc ./Core/Src/tasks.o
                0x0000000008001b68                task_avoidObstacle
 *fill*         0x0000000008001c34        0x4 
 .text.task_finishLine
                0x0000000008001c38       0x2c ./Core/Src/tasks.o
                0x0000000008001c38                task_finishLine
 .text.MX_TIM1_Init
                0x0000000008001c64      0x170 ./Core/Src/tim.o
                0x0000000008001c64                MX_TIM1_Init
 .text.HAL_TIM_Base_MspInit
                0x0000000008001dd4       0x40 ./Core/Src/tim.o
                0x0000000008001dd4                HAL_TIM_Base_MspInit
 .text.HAL_TIM_MspPostInit
                0x0000000008001e14       0x70 ./Core/Src/tim.o
                0x0000000008001e14                HAL_TIM_MspPostInit
 .text.MX_USART2_UART_Init
                0x0000000008001e84       0x60 ./Core/Src/usart.o
                0x0000000008001e84                MX_USART2_UART_Init
 .text.HAL_UART_MspInit
                0x0000000008001ee4       0xd4 ./Core/Src/usart.o
                0x0000000008001ee4                HAL_UART_MspInit
 .text.blinkLeftLED
                0x0000000008001fb8       0x38 ./Core/Src/utility.o
                0x0000000008001fb8                blinkLeftLED
 .text.blinkRightLED
                0x0000000008001ff0       0x38 ./Core/Src/utility.o
                0x0000000008001ff0                blinkRightLED
 .text.blinkTailLight
                0x0000000008002028       0x38 ./Core/Src/utility.o
                0x0000000008002028                blinkTailLight
 .text.blinkAllLEDs
                0x0000000008002060       0x14 ./Core/Src/utility.o
                0x0000000008002060                blinkAllLEDs
 .text.setNormalSpeed
                0x0000000008002074       0x34 ./Core/Src/utility.o
                0x0000000008002074                setNormalSpeed
 .text.setMaxSpeed
                0x00000000080020a8       0x34 ./Core/Src/utility.o
                0x00000000080020a8                setMaxSpeed
 .text.resetEncoderCnt
                0x00000000080020dc       0x24 ./Core/Src/utility.o
                0x00000000080020dc                resetEncoderCnt
 .text.Reset_Handler
                0x0000000008002100       0x50 ./Core/Startup/startup_stm32l432kcux.o
                0x0000000008002100                Reset_Handler
 .text.Default_Handler
                0x0000000008002150        0x2 ./Core/Startup/startup_stm32l432kcux.o
                0x0000000008002150                TIM1_BRK_TIM15_IRQHandler
                0x0000000008002150                EXTI2_IRQHandler
                0x0000000008002150                TIM1_CC_IRQHandler
                0x0000000008002150                TSC_IRQHandler
                0x0000000008002150                TAMP_STAMP_IRQHandler
                0x0000000008002150                EXTI3_IRQHandler
                0x0000000008002150                LPTIM2_IRQHandler
                0x0000000008002150                I2C3_ER_IRQHandler
                0x0000000008002150                EXTI0_IRQHandler
                0x0000000008002150                CAN1_RX0_IRQHandler
                0x0000000008002150                FPU_IRQHandler
                0x0000000008002150                TIM1_UP_TIM16_IRQHandler
                0x0000000008002150                SPI1_IRQHandler
                0x0000000008002150                TIM6_DAC_IRQHandler
                0x0000000008002150                DMA2_Channel2_IRQHandler
                0x0000000008002150                DMA1_Channel4_IRQHandler
                0x0000000008002150                ADC1_IRQHandler
                0x0000000008002150                DMA1_Channel7_IRQHandler
                0x0000000008002150                CAN1_RX1_IRQHandler
                0x0000000008002150                DMA2_Channel1_IRQHandler
                0x0000000008002150                QUADSPI_IRQHandler
                0x0000000008002150                I2C1_EV_IRQHandler
                0x0000000008002150                DMA1_Channel6_IRQHandler
                0x0000000008002150                DMA2_Channel4_IRQHandler
                0x0000000008002150                RCC_IRQHandler
                0x0000000008002150                TIM1_TRG_COM_IRQHandler
                0x0000000008002150                Default_Handler
                0x0000000008002150                DMA2_Channel7_IRQHandler
                0x0000000008002150                EXTI15_10_IRQHandler
                0x0000000008002150                TIM7_IRQHandler
                0x0000000008002150                I2C3_EV_IRQHandler
                0x0000000008002150                USB_IRQHandler
                0x0000000008002150                EXTI9_5_IRQHandler
                0x0000000008002150                RTC_WKUP_IRQHandler
                0x0000000008002150                PVD_PVM_IRQHandler
                0x0000000008002150                CAN1_TX_IRQHandler
                0x0000000008002150                DMA2_Channel5_IRQHandler
                0x0000000008002150                CRS_IRQHandler
                0x0000000008002150                DMA1_Channel5_IRQHandler
                0x0000000008002150                EXTI4_IRQHandler
                0x0000000008002150                RNG_IRQHandler
                0x0000000008002150                DMA1_Channel3_IRQHandler
                0x0000000008002150                COMP_IRQHandler
                0x0000000008002150                WWDG_IRQHandler
                0x0000000008002150                LPUART1_IRQHandler
                0x0000000008002150                DMA2_Channel6_IRQHandler
                0x0000000008002150                TIM2_IRQHandler
                0x0000000008002150                EXTI1_IRQHandler
                0x0000000008002150                USART2_IRQHandler
                0x0000000008002150                DMA1_Channel2_IRQHandler
                0x0000000008002150                CAN1_SCE_IRQHandler
                0x0000000008002150                FLASH_IRQHandler
                0x0000000008002150                USART1_IRQHandler
                0x0000000008002150                SPI3_IRQHandler
                0x0000000008002150                I2C1_ER_IRQHandler
                0x0000000008002150                SWPMI1_IRQHandler
                0x0000000008002150                LPTIM1_IRQHandler
                0x0000000008002150                SAI1_IRQHandler
                0x0000000008002150                DMA2_Channel3_IRQHandler
                0x0000000008002150                RTC_Alarm_IRQHandler
 .text.HAL_Init
                0x0000000008002152       0x30 ./Drivers/STM32L4xx_HAL_Driver/Src/stm32l4xx_hal.o
                0x0000000008002152                HAL_Init
 *fill*         0x0000000008002182        0x2 
 .text.HAL_InitTick
                0x0000000008002184       0x78 ./Drivers/STM32L4xx_HAL_Driver/Src/stm32l4xx_hal.o
                0x0000000008002184                HAL_InitTick
 .text.HAL_IncTick
                0x00000000080021fc       0x28 ./Drivers/STM32L4xx_HAL_Driver/Src/stm32l4xx_hal.o
                0x00000000080021fc                HAL_IncTick
 .text.HAL_GetTick
                0x0000000008002224       0x18 ./Drivers/STM32L4xx_HAL_Driver/Src/stm32l4xx_hal.o
                0x0000000008002224                HAL_GetTick
 .text.LL_ADC_SetCommonClock
                0x000000000800223c       0x26 ./Drivers/STM32L4xx_HAL_Driver/Src/stm32l4xx_hal_adc.o
 .text.LL_ADC_SetCommonPathInternalCh
                0x0000000008002262       0x26 ./Drivers/STM32L4xx_HAL_Driver/Src/stm32l4xx_hal_adc.o
 .text.LL_ADC_GetCommonPathInternalCh
                0x0000000008002288       0x1c ./Drivers/STM32L4xx_HAL_Driver/Src/stm32l4xx_hal_adc.o
 .text.LL_ADC_SetOffset
                0x00000000080022a4       0x48 ./Drivers/STM32L4xx_HAL_Driver/Src/stm32l4xx_hal_adc.o
 .text.LL_ADC_GetOffsetChannel
                0x00000000080022ec       0x2c ./Drivers/STM32L4xx_HAL_Driver/Src/stm32l4xx_hal_adc.o
 .text.LL_ADC_SetOffsetState
                0x0000000008002318       0x36 ./Drivers/STM32L4xx_HAL_Driver/Src/stm32l4xx_hal_adc.o
 .text.LL_ADC_REG_IsTriggerSourceSWStart
                0x000000000800234e       0x26 ./Drivers/STM32L4xx_HAL_Driver/Src/stm32l4xx_hal_adc.o
 .text.LL_ADC_REG_SetSequencerRanks
                0x0000000008002374       0x58 ./Drivers/STM32L4xx_HAL_Driver/Src/stm32l4xx_hal_adc.o
 .text.LL_ADC_SetChannelSamplingTime
                0x00000000080023cc       0x56 ./Drivers/STM32L4xx_HAL_Driver/Src/stm32l4xx_hal_adc.o
 *fill*         0x0000000008002422        0x2 
 .text.LL_ADC_SetChannelSingleDiff
                0x0000000008002424       0x48 ./Drivers/STM32L4xx_HAL_Driver/Src/stm32l4xx_hal_adc.o
 .text.LL_ADC_DisableDeepPowerDown
                0x000000000800246c       0x24 ./Drivers/STM32L4xx_HAL_Driver/Src/stm32l4xx_hal_adc.o
 .text.LL_ADC_IsDeepPowerDownEnabled
                0x0000000008002490       0x28 ./Drivers/STM32L4xx_HAL_Driver/Src/stm32l4xx_hal_adc.o
 .text.LL_ADC_EnableInternalRegulator
                0x00000000080024b8       0x28 ./Drivers/STM32L4xx_HAL_Driver/Src/stm32l4xx_hal_adc.o
 .text.LL_ADC_IsInternalRegulatorEnabled
                0x00000000080024e0       0x28 ./Drivers/STM32L4xx_HAL_Driver/Src/stm32l4xx_hal_adc.o
 .text.LL_ADC_Enable
                0x0000000008002508       0x28 ./Drivers/STM32L4xx_HAL_Driver/Src/stm32l4xx_hal_adc.o
 .text.LL_ADC_IsEnabled
                0x0000000008002530       0x26 ./Drivers/STM32L4xx_HAL_Driver/Src/stm32l4xx_hal_adc.o
 .text.LL_ADC_REG_StartConversion
                0x0000000008002556       0x28 ./Drivers/STM32L4xx_HAL_Driver/Src/stm32l4xx_hal_adc.o
 .text.LL_ADC_REG_IsConversionOngoing
                0x000000000800257e       0x26 ./Drivers/STM32L4xx_HAL_Driver/Src/stm32l4xx_hal_adc.o
 .text.LL_ADC_INJ_IsConversionOngoing
                0x00000000080025a4       0x26 ./Drivers/STM32L4xx_HAL_Driver/Src/stm32l4xx_hal_adc.o
 *fill*         0x00000000080025ca        0x2 
 .text.HAL_ADC_Init
                0x00000000080025cc      0x290 ./Drivers/STM32L4xx_HAL_Driver/Src/stm32l4xx_hal_adc.o
                0x00000000080025cc                HAL_ADC_Init
 .text.HAL_ADC_Start_DMA
                0x000000000800285c      0x108 ./Drivers/STM32L4xx_HAL_Driver/Src/stm32l4xx_hal_adc.o
                0x000000000800285c                HAL_ADC_Start_DMA
 .text.HAL_ADC_ConvHalfCpltCallback
                0x0000000008002964       0x14 ./Drivers/STM32L4xx_HAL_Driver/Src/stm32l4xx_hal_adc.o
                0x0000000008002964                HAL_ADC_ConvHalfCpltCallback
 .text.HAL_ADC_ErrorCallback
                0x0000000008002978       0x14 ./Drivers/STM32L4xx_HAL_Driver/Src/stm32l4xx_hal_adc.o
                0x0000000008002978                HAL_ADC_ErrorCallback
 .text.HAL_ADC_ConfigChannel
                0x000000000800298c      0x7c0 ./Drivers/STM32L4xx_HAL_Driver/Src/stm32l4xx_hal_adc.o
                0x000000000800298c                HAL_ADC_ConfigChannel
 .text.ADC_Enable
                0x000000000800314c       0xc4 ./Drivers/STM32L4xx_HAL_Driver/Src/stm32l4xx_hal_adc.o
                0x000000000800314c                ADC_Enable
 .text.ADC_DMAConvCplt
                0x0000000008003210       0xd8 ./Drivers/STM32L4xx_HAL_Driver/Src/stm32l4xx_hal_adc.o
                0x0000000008003210                ADC_DMAConvCplt
 .text.ADC_DMAHalfConvCplt
                0x00000000080032e8       0x1c ./Drivers/STM32L4xx_HAL_Driver/Src/stm32l4xx_hal_adc.o
                0x00000000080032e8                ADC_DMAHalfConvCplt
 .text.ADC_DMAError
                0x0000000008003304       0x34 ./Drivers/STM32L4xx_HAL_Driver/Src/stm32l4xx_hal_adc.o
                0x0000000008003304                ADC_DMAError
 .text.__NVIC_SetPriorityGrouping
                0x0000000008003338       0x48 ./Drivers/STM32L4xx_HAL_Driver/Src/stm32l4xx_hal_cortex.o
 .text.__NVIC_GetPriorityGrouping
                0x0000000008003380       0x1c ./Drivers/STM32L4xx_HAL_Driver/Src/stm32l4xx_hal_cortex.o
 .text.__NVIC_EnableIRQ
                0x000000000800339c       0x3c ./Drivers/STM32L4xx_HAL_Driver/Src/stm32l4xx_hal_cortex.o
 .text.__NVIC_SetPriority
                0x00000000080033d8       0x54 ./Drivers/STM32L4xx_HAL_Driver/Src/stm32l4xx_hal_cortex.o
 .text.NVIC_EncodePriority
                0x000000000800342c       0x66 ./Drivers/STM32L4xx_HAL_Driver/Src/stm32l4xx_hal_cortex.o
 *fill*         0x0000000008003492        0x2 
 .text.SysTick_Config
                0x0000000008003494       0x44 ./Drivers/STM32L4xx_HAL_Driver/Src/stm32l4xx_hal_cortex.o
 .text.HAL_NVIC_SetPriorityGrouping
                0x00000000080034d8       0x16 ./Drivers/STM32L4xx_HAL_Driver/Src/stm32l4xx_hal_cortex.o
                0x00000000080034d8                HAL_NVIC_SetPriorityGrouping
 .text.HAL_NVIC_SetPriority
                0x00000000080034ee       0x38 ./Drivers/STM32L4xx_HAL_Driver/Src/stm32l4xx_hal_cortex.o
                0x00000000080034ee                HAL_NVIC_SetPriority
 .text.HAL_NVIC_EnableIRQ
                0x0000000008003526       0x1c ./Drivers/STM32L4xx_HAL_Driver/Src/stm32l4xx_hal_cortex.o
                0x0000000008003526                HAL_NVIC_EnableIRQ
 .text.HAL_SYSTICK_Config
                0x0000000008003542       0x18 ./Drivers/STM32L4xx_HAL_Driver/Src/stm32l4xx_hal_cortex.o
                0x0000000008003542                HAL_SYSTICK_Config
 *fill*         0x000000000800355a        0x2 
 .text.HAL_DMA_Init
                0x000000000800355c      0x170 ./Drivers/STM32L4xx_HAL_Driver/Src/stm32l4xx_hal_dma.o
                0x000000000800355c                HAL_DMA_Init
 .text.HAL_DMA_Start_IT
                0x00000000080036cc       0xc0 ./Drivers/STM32L4xx_HAL_Driver/Src/stm32l4xx_hal_dma.o
                0x00000000080036cc                HAL_DMA_Start_IT
 .text.HAL_DMA_IRQHandler
                0x000000000800378c      0x15e ./Drivers/STM32L4xx_HAL_Driver/Src/stm32l4xx_hal_dma.o
                0x000000000800378c                HAL_DMA_IRQHandler
 .text.DMA_SetConfig
                0x00000000080038ea       0x60 ./Drivers/STM32L4xx_HAL_Driver/Src/stm32l4xx_hal_dma.o
 *fill*         0x000000000800394a        0x2 
 .text.HAL_GPIO_Init
                0x000000000800394c      0x2d4 ./Drivers/STM32L4xx_HAL_Driver/Src/stm32l4xx_hal_gpio.o
                0x000000000800394c                HAL_GPIO_Init
 .text.HAL_GPIO_ReadPin
                0x0000000008003c20       0x30 ./Drivers/STM32L4xx_HAL_Driver/Src/stm32l4xx_hal_gpio.o
                0x0000000008003c20                HAL_GPIO_ReadPin
 .text.HAL_GPIO_WritePin
                0x0000000008003c50       0x30 ./Drivers/STM32L4xx_HAL_Driver/Src/stm32l4xx_hal_gpio.o
                0x0000000008003c50                HAL_GPIO_WritePin
 .text.HAL_GPIO_TogglePin
                0x0000000008003c80       0x34 ./Drivers/STM32L4xx_HAL_Driver/Src/stm32l4xx_hal_gpio.o
                0x0000000008003c80                HAL_GPIO_TogglePin
 .text.HAL_PWR_EnableBkUpAccess
                0x0000000008003cb4       0x20 ./Drivers/STM32L4xx_HAL_Driver/Src/stm32l4xx_hal_pwr.o
                0x0000000008003cb4                HAL_PWR_EnableBkUpAccess
 .text.HAL_PWREx_GetVoltageRange
                0x0000000008003cd4       0x1c ./Drivers/STM32L4xx_HAL_Driver/Src/stm32l4xx_hal_pwr_ex.o
                0x0000000008003cd4                HAL_PWREx_GetVoltageRange
 .text.HAL_PWREx_ControlVoltageScaling
                0x0000000008003cf0       0xac ./Drivers/STM32L4xx_HAL_Driver/Src/stm32l4xx_hal_pwr_ex.o
                0x0000000008003cf0                HAL_PWREx_ControlVoltageScaling
 .text.HAL_RCC_OscConfig
                0x0000000008003d9c      0x840 ./Drivers/STM32L4xx_HAL_Driver/Src/stm32l4xx_hal_rcc.o
                0x0000000008003d9c                HAL_RCC_OscConfig
 .text.HAL_RCC_ClockConfig
                0x00000000080045dc      0x1c4 ./Drivers/STM32L4xx_HAL_Driver/Src/stm32l4xx_hal_rcc.o
                0x00000000080045dc                HAL_RCC_ClockConfig
 .text.HAL_RCC_GetSysClockFreq
                0x00000000080047a0      0x118 ./Drivers/STM32L4xx_HAL_Driver/Src/stm32l4xx_hal_rcc.o
                0x00000000080047a0                HAL_RCC_GetSysClockFreq
 .text.HAL_RCC_GetHCLKFreq
                0x00000000080048b8       0x18 ./Drivers/STM32L4xx_HAL_Driver/Src/stm32l4xx_hal_rcc.o
                0x00000000080048b8                HAL_RCC_GetHCLKFreq
 .text.HAL_RCC_GetPCLK1Freq
                0x00000000080048d0       0x2c ./Drivers/STM32L4xx_HAL_Driver/Src/stm32l4xx_hal_rcc.o
                0x00000000080048d0                HAL_RCC_GetPCLK1Freq
 .text.HAL_RCC_GetPCLK2Freq
                0x00000000080048fc       0x2c ./Drivers/STM32L4xx_HAL_Driver/Src/stm32l4xx_hal_rcc.o
                0x00000000080048fc                HAL_RCC_GetPCLK2Freq
 .text.RCC_SetFlashLatencyFromMSIRange
                0x0000000008004928       0xc0 ./Drivers/STM32L4xx_HAL_Driver/Src/stm32l4xx_hal_rcc.o
 .text.HAL_RCCEx_PeriphCLKConfig
                0x00000000080049e8      0x3e8 ./Drivers/STM32L4xx_HAL_Driver/Src/stm32l4xx_hal_rcc_ex.o
                0x00000000080049e8                HAL_RCCEx_PeriphCLKConfig
 .text.HAL_RCCEx_EnableMSIPLLMode
                0x0000000008004dd0       0x20 ./Drivers/STM32L4xx_HAL_Driver/Src/stm32l4xx_hal_rcc_ex.o
                0x0000000008004dd0                HAL_RCCEx_EnableMSIPLLMode
 .text.RCCEx_PLLSAI1_Config
                0x0000000008004df0      0x1e4 ./Drivers/STM32L4xx_HAL_Driver/Src/stm32l4xx_hal_rcc_ex.o
 .text.HAL_TIM_Base_Init
                0x0000000008004fd4       0xae ./Drivers/STM32L4xx_HAL_Driver/Src/stm32l4xx_hal_tim.o
                0x0000000008004fd4                HAL_TIM_Base_Init
 .text.HAL_TIM_PWM_Init
                0x0000000008005082       0xae ./Drivers/STM32L4xx_HAL_Driver/Src/stm32l4xx_hal_tim.o
                0x0000000008005082                HAL_TIM_PWM_Init
 .text.HAL_TIM_PWM_MspInit
                0x0000000008005130       0x14 ./Drivers/STM32L4xx_HAL_Driver/Src/stm32l4xx_hal_tim.o
                0x0000000008005130                HAL_TIM_PWM_MspInit
 .text.HAL_TIM_PWM_ConfigChannel
                0x0000000008005144      0x220 ./Drivers/STM32L4xx_HAL_Driver/Src/stm32l4xx_hal_tim.o
                0x0000000008005144                HAL_TIM_PWM_ConfigChannel
 .text.HAL_TIM_ConfigClockSource
                0x0000000008005364      0x18c ./Drivers/STM32L4xx_HAL_Driver/Src/stm32l4xx_hal_tim.o
                0x0000000008005364                HAL_TIM_ConfigClockSource
 .text.TIM_Base_SetConfig
                0x00000000080054f0       0xc8 ./Drivers/STM32L4xx_HAL_Driver/Src/stm32l4xx_hal_tim.o
                0x00000000080054f0                TIM_Base_SetConfig
 .text.TIM_OC1_SetConfig
                0x00000000080055b8       0xf8 ./Drivers/STM32L4xx_HAL_Driver/Src/stm32l4xx_hal_tim.o
 .text.TIM_OC2_SetConfig
                0x00000000080056b0       0xf4 ./Drivers/STM32L4xx_HAL_Driver/Src/stm32l4xx_hal_tim.o
                0x00000000080056b0                TIM_OC2_SetConfig
 .text.TIM_OC3_SetConfig
                0x00000000080057a4       0xf0 ./Drivers/STM32L4xx_HAL_Driver/Src/stm32l4xx_hal_tim.o
 .text.TIM_OC4_SetConfig
                0x0000000008005894       0xbc ./Drivers/STM32L4xx_HAL_Driver/Src/stm32l4xx_hal_tim.o
 .text.TIM_OC5_SetConfig
                0x0000000008005950       0xb0 ./Drivers/STM32L4xx_HAL_Driver/Src/stm32l4xx_hal_tim.o
 .text.TIM_OC6_SetConfig
                0x0000000008005a00       0xb4 ./Drivers/STM32L4xx_HAL_Driver/Src/stm32l4xx_hal_tim.o
 .text.TIM_TI1_ConfigInputStage
                0x0000000008005ab4       0x5e ./Drivers/STM32L4xx_HAL_Driver/Src/stm32l4xx_hal_tim.o
 .text.TIM_TI2_ConfigInputStage
                0x0000000008005b12       0x60 ./Drivers/STM32L4xx_HAL_Driver/Src/stm32l4xx_hal_tim.o
 .text.TIM_ITRx_SetConfig
                0x0000000008005b72       0x36 ./Drivers/STM32L4xx_HAL_Driver/Src/stm32l4xx_hal_tim.o
 .text.TIM_ETR_SetConfig
                0x0000000008005ba8       0x40 ./Drivers/STM32L4xx_HAL_Driver/Src/stm32l4xx_hal_tim.o
                0x0000000008005ba8                TIM_ETR_SetConfig
 .text.HAL_TIMEx_PWMN_Start
                0x0000000008005be8      0x13c ./Drivers/STM32L4xx_HAL_Driver/Src/stm32l4xx_hal_tim_ex.o
                0x0000000008005be8                HAL_TIMEx_PWMN_Start
 .text.HAL_TIMEx_MasterConfigSynchronization
                0x0000000008005d24       0xcc ./Drivers/STM32L4xx_HAL_Driver/Src/stm32l4xx_hal_tim_ex.o
                0x0000000008005d24                HAL_TIMEx_MasterConfigSynchronization
 .text.HAL_TIMEx_ConfigBreakDeadTime
                0x0000000008005df0       0xf0 ./Drivers/STM32L4xx_HAL_Driver/Src/stm32l4xx_hal_tim_ex.o
                0x0000000008005df0                HAL_TIMEx_ConfigBreakDeadTime
 .text.TIM_CCxNChannelCmd
                0x0000000008005ee0       0x4a ./Drivers/STM32L4xx_HAL_Driver/Src/stm32l4xx_hal_tim_ex.o
 .text.HAL_UART_Init
                0x0000000008005f2a       0x9c ./Drivers/STM32L4xx_HAL_Driver/Src/stm32l4xx_hal_uart.o
                0x0000000008005f2a                HAL_UART_Init
 .text.HAL_UART_Transmit
                0x0000000008005fc6      0x128 ./Drivers/STM32L4xx_HAL_Driver/Src/stm32l4xx_hal_uart.o
                0x0000000008005fc6                HAL_UART_Transmit
 *fill*         0x00000000080060ee        0x2 
 .text.UART_SetConfig
                0x00000000080060f0      0x418 ./Drivers/STM32L4xx_HAL_Driver/Src/stm32l4xx_hal_uart.o
                0x00000000080060f0                UART_SetConfig
 .text.UART_AdvFeatureConfig
                0x0000000008006508      0x144 ./Drivers/STM32L4xx_HAL_Driver/Src/stm32l4xx_hal_uart.o
                0x0000000008006508                UART_AdvFeatureConfig
 .text.UART_CheckIdleState
                0x000000000800664c       0x92 ./Drivers/STM32L4xx_HAL_Driver/Src/stm32l4xx_hal_uart.o
                0x000000000800664c                UART_CheckIdleState
 .text.UART_WaitOnFlagUntilTimeout
                0x00000000080066de       0xf8 ./Drivers/STM32L4xx_HAL_Driver/Src/stm32l4xx_hal_uart.o
                0x00000000080066de                UART_WaitOnFlagUntilTimeout
 *fill*         0x00000000080067d6        0x2 
 .text.__errno  0x00000000080067d8        0xc /Applications/STM32CubeIDE.app/Contents/Eclipse/plugins/com.st.stm32cube.ide.mcu.externaltools.gnu-tools-for-stm32.9-2020-q2-update.macos64_2.0.0.202105311346/tools/bin/../lib/gcc/arm-none-eabi/9.3.1/../../../../arm-none-eabi/lib/thumb/v7e-m+fp/hard/libc_nano.a(lib_a-errno.o)
                0x00000000080067d8                __errno
 .text.__libc_init_array
                0x00000000080067e4       0x48 /Applications/STM32CubeIDE.app/Contents/Eclipse/plugins/com.st.stm32cube.ide.mcu.externaltools.gnu-tools-for-stm32.9-2020-q2-update.macos64_2.0.0.202105311346/tools/bin/../lib/gcc/arm-none-eabi/9.3.1/../../../../arm-none-eabi/lib/thumb/v7e-m+fp/hard/libc_nano.a(lib_a-init.o)
                0x00000000080067e4                __libc_init_array
 .text.memset   0x000000000800682c       0x10 /Applications/STM32CubeIDE.app/Contents/Eclipse/plugins/com.st.stm32cube.ide.mcu.externaltools.gnu-tools-for-stm32.9-2020-q2-update.macos64_2.0.0.202105311346/tools/bin/../lib/gcc/arm-none-eabi/9.3.1/../../../../arm-none-eabi/lib/thumb/v7e-m+fp/hard/libc_nano.a(lib_a-memset.o)
                0x000000000800682c                memset
 .text.sprintf  0x000000000800683c       0x40 /Applications/STM32CubeIDE.app/Contents/Eclipse/plugins/com.st.stm32cube.ide.mcu.externaltools.gnu-tools-for-stm32.9-2020-q2-update.macos64_2.0.0.202105311346/tools/bin/../lib/gcc/arm-none-eabi/9.3.1/../../../../arm-none-eabi/lib/thumb/v7e-m+fp/hard/libc_nano.a(lib_a-sprintf.o)
                0x000000000800683c                sprintf
                0x000000000800683c                siprintf
 .text.__ssputs_r
                0x000000000800687c       0xb6 /Applications/STM32CubeIDE.app/Contents/Eclipse/plugins/com.st.stm32cube.ide.mcu.externaltools.gnu-tools-for-stm32.9-2020-q2-update.macos64_2.0.0.202105311346/tools/bin/../lib/gcc/arm-none-eabi/9.3.1/../../../../arm-none-eabi/lib/thumb/v7e-m+fp/hard/libc_nano.a(lib_a-nano-svfprintf.o)
                0x000000000800687c                __ssputs_r
 *fill*         0x0000000008006932        0x2 
 .text._svfprintf_r
                0x0000000008006934      0x200 /Applications/STM32CubeIDE.app/Contents/Eclipse/plugins/com.st.stm32cube.ide.mcu.externaltools.gnu-tools-for-stm32.9-2020-q2-update.macos64_2.0.0.202105311346/tools/bin/../lib/gcc/arm-none-eabi/9.3.1/../../../../arm-none-eabi/lib/thumb/v7e-m+fp/hard/libc_nano.a(lib_a-nano-svfprintf.o)
                0x0000000008006934                _svfprintf_r
                0x0000000008006934                _svfiprintf_r
 .text._printf_common
                0x0000000008006b34       0xda /Applications/STM32CubeIDE.app/Contents/Eclipse/plugins/com.st.stm32cube.ide.mcu.externaltools.gnu-tools-for-stm32.9-2020-q2-update.macos64_2.0.0.202105311346/tools/bin/../lib/gcc/arm-none-eabi/9.3.1/../../../../arm-none-eabi/lib/thumb/v7e-m+fp/hard/libc_nano.a(lib_a-nano-vfprintf_i.o)
                0x0000000008006b34                _printf_common
 *fill*         0x0000000008006c0e        0x2 
 .text._printf_i
                0x0000000008006c10      0x24c /Applications/STM32CubeIDE.app/Contents/Eclipse/plugins/com.st.stm32cube.ide.mcu.externaltools.gnu-tools-for-stm32.9-2020-q2-update.macos64_2.0.0.202105311346/tools/bin/../lib/gcc/arm-none-eabi/9.3.1/../../../../arm-none-eabi/lib/thumb/v7e-m+fp/hard/libc_nano.a(lib_a-nano-vfprintf_i.o)
                0x0000000008006c10                _printf_i
 .text.memcpy   0x0000000008006e5c       0x1c /Applications/STM32CubeIDE.app/Contents/Eclipse/plugins/com.st.stm32cube.ide.mcu.externaltools.gnu-tools-for-stm32.9-2020-q2-update.macos64_2.0.0.202105311346/tools/bin/../lib/gcc/arm-none-eabi/9.3.1/../../../../arm-none-eabi/lib/thumb/v7e-m+fp/hard/libc_nano.a(lib_a-memcpy-stub.o)
                0x0000000008006e5c                memcpy
 .text.memmove  0x0000000008006e78       0x34 /Applications/STM32CubeIDE.app/Contents/Eclipse/plugins/com.st.stm32cube.ide.mcu.externaltools.gnu-tools-for-stm32.9-2020-q2-update.macos64_2.0.0.202105311346/tools/bin/../lib/gcc/arm-none-eabi/9.3.1/../../../../arm-none-eabi/lib/thumb/v7e-m+fp/hard/libc_nano.a(lib_a-memmove.o)
                0x0000000008006e78                memmove
 .text._free_r  0x0000000008006eac       0xa0 /Applications/STM32CubeIDE.app/Contents/Eclipse/plugins/com.st.stm32cube.ide.mcu.externaltools.gnu-tools-for-stm32.9-2020-q2-update.macos64_2.0.0.202105311346/tools/bin/../lib/gcc/arm-none-eabi/9.3.1/../../../../arm-none-eabi/lib/thumb/v7e-m+fp/hard/libc_nano.a(lib_a-nano-freer.o)
                0x0000000008006eac                _free_r
 .text._malloc_r
                0x0000000008006f4c       0xb4 /Applications/STM32CubeIDE.app/Contents/Eclipse/plugins/com.st.stm32cube.ide.mcu.externaltools.gnu-tools-for-stm32.9-2020-q2-update.macos64_2.0.0.202105311346/tools/bin/../lib/gcc/arm-none-eabi/9.3.1/../../../../arm-none-eabi/lib/thumb/v7e-m+fp/hard/libc_nano.a(lib_a-nano-mallocr.o)
                0x0000000008006f4c                _malloc_r
 .text._realloc_r
                0x0000000008007000       0x4c /Applications/STM32CubeIDE.app/Contents/Eclipse/plugins/com.st.stm32cube.ide.mcu.externaltools.gnu-tools-for-stm32.9-2020-q2-update.macos64_2.0.0.202105311346/tools/bin/../lib/gcc/arm-none-eabi/9.3.1/../../../../arm-none-eabi/lib/thumb/v7e-m+fp/hard/libc_nano.a(lib_a-nano-reallocr.o)
                0x0000000008007000                _realloc_r
 .text._sbrk_r  0x000000000800704c       0x20 /Applications/STM32CubeIDE.app/Contents/Eclipse/plugins/com.st.stm32cube.ide.mcu.externaltools.gnu-tools-for-stm32.9-2020-q2-update.macos64_2.0.0.202105311346/tools/bin/../lib/gcc/arm-none-eabi/9.3.1/../../../../arm-none-eabi/lib/thumb/v7e-m+fp/hard/libc_nano.a(lib_a-sbrkr.o)
                0x000000000800704c                _sbrk_r
 .text.__malloc_lock
                0x000000000800706c        0xc /Applications/STM32CubeIDE.app/Contents/Eclipse/plugins/com.st.stm32cube.ide.mcu.externaltools.gnu-tools-for-stm32.9-2020-q2-update.macos64_2.0.0.202105311346/tools/bin/../lib/gcc/arm-none-eabi/9.3.1/../../../../arm-none-eabi/lib/thumb/v7e-m+fp/hard/libc_nano.a(lib_a-mlock.o)
                0x000000000800706c                __malloc_lock
 .text.__malloc_unlock
                0x0000000008007078        0xc /Applications/STM32CubeIDE.app/Contents/Eclipse/plugins/com.st.stm32cube.ide.mcu.externaltools.gnu-tools-for-stm32.9-2020-q2-update.macos64_2.0.0.202105311346/tools/bin/../lib/gcc/arm-none-eabi/9.3.1/../../../../arm-none-eabi/lib/thumb/v7e-m+fp/hard/libc_nano.a(lib_a-mlock.o)
                0x0000000008007078                __malloc_unlock
 .text._malloc_usable_size_r
                0x0000000008007084       0x10 /Applications/STM32CubeIDE.app/Contents/Eclipse/plugins/com.st.stm32cube.ide.mcu.externaltools.gnu-tools-for-stm32.9-2020-q2-update.macos64_2.0.0.202105311346/tools/bin/../lib/gcc/arm-none-eabi/9.3.1/../../../../arm-none-eabi/lib/thumb/v7e-m+fp/hard/libc_nano.a(lib_a-nano-msizer.o)
                0x0000000008007084                _malloc_usable_size_r
 .text.__retarget_lock_acquire_recursive
                0x0000000008007094        0x2 /Applications/STM32CubeIDE.app/Contents/Eclipse/plugins/com.st.stm32cube.ide.mcu.externaltools.gnu-tools-for-stm32.9-2020-q2-update.macos64_2.0.0.202105311346/tools/bin/../lib/gcc/arm-none-eabi/9.3.1/../../../../arm-none-eabi/lib/thumb/v7e-m+fp/hard/libc_nano.a(lib_a-lock.o)
                0x0000000008007094                __retarget_lock_acquire_recursive
 .text.__retarget_lock_release_recursive
                0x0000000008007096        0x2 /Applications/STM32CubeIDE.app/Contents/Eclipse/plugins/com.st.stm32cube.ide.mcu.externaltools.gnu-tools-for-stm32.9-2020-q2-update.macos64_2.0.0.202105311346/tools/bin/../lib/gcc/arm-none-eabi/9.3.1/../../../../arm-none-eabi/lib/thumb/v7e-m+fp/hard/libc_nano.a(lib_a-lock.o)
                0x0000000008007096                __retarget_lock_release_recursive
 *(.glue_7)
 .glue_7        0x0000000008007098        0x0 linker stubs
 *(.glue_7t)
 .glue_7t       0x0000000008007098        0x0 linker stubs
 *(.eh_frame)
 .eh_frame      0x0000000008007098        0x0 /Applications/STM32CubeIDE.app/Contents/Eclipse/plugins/com.st.stm32cube.ide.mcu.externaltools.gnu-tools-for-stm32.9-2020-q2-update.macos64_2.0.0.202105311346/tools/bin/../lib/gcc/arm-none-eabi/9.3.1/thumb/v7e-m+fp/hard/crtbegin.o
 *(.init)
 .init          0x0000000008007098        0x4 /Applications/STM32CubeIDE.app/Contents/Eclipse/plugins/com.st.stm32cube.ide.mcu.externaltools.gnu-tools-for-stm32.9-2020-q2-update.macos64_2.0.0.202105311346/tools/bin/../lib/gcc/arm-none-eabi/9.3.1/thumb/v7e-m+fp/hard/crti.o
                0x0000000008007098                _init
 .init          0x000000000800709c        0x8 /Applications/STM32CubeIDE.app/Contents/Eclipse/plugins/com.st.stm32cube.ide.mcu.externaltools.gnu-tools-for-stm32.9-2020-q2-update.macos64_2.0.0.202105311346/tools/bin/../lib/gcc/arm-none-eabi/9.3.1/thumb/v7e-m+fp/hard/crtn.o
 *(.fini)
 .fini          0x00000000080070a4        0x4 /Applications/STM32CubeIDE.app/Contents/Eclipse/plugins/com.st.stm32cube.ide.mcu.externaltools.gnu-tools-for-stm32.9-2020-q2-update.macos64_2.0.0.202105311346/tools/bin/../lib/gcc/arm-none-eabi/9.3.1/thumb/v7e-m+fp/hard/crti.o
                0x00000000080070a4                _fini
 .fini          0x00000000080070a8        0x8 /Applications/STM32CubeIDE.app/Contents/Eclipse/plugins/com.st.stm32cube.ide.mcu.externaltools.gnu-tools-for-stm32.9-2020-q2-update.macos64_2.0.0.202105311346/tools/bin/../lib/gcc/arm-none-eabi/9.3.1/thumb/v7e-m+fp/hard/crtn.o
                0x00000000080070b0                . = ALIGN (0x4)
                0x00000000080070b0                _etext = .

.vfp11_veneer   0x00000000080070b0        0x0
 .vfp11_veneer  0x00000000080070b0        0x0 linker stubs

.v4_bx          0x00000000080070b0        0x0
 .v4_bx         0x00000000080070b0        0x0 linker stubs

.iplt           0x00000000080070b0        0x0
 .iplt          0x00000000080070b0        0x0 /Applications/STM32CubeIDE.app/Contents/Eclipse/plugins/com.st.stm32cube.ide.mcu.externaltools.gnu-tools-for-stm32.9-2020-q2-update.macos64_2.0.0.202105311346/tools/bin/../lib/gcc/arm-none-eabi/9.3.1/thumb/v7e-m+fp/hard/crtbegin.o

.rodata         0x00000000080070b0       0x98
                0x00000000080070b0                . = ALIGN (0x4)
 *(.rodata)
 .rodata        0x00000000080070b0       0x19 ./Core/Src/sensors.o
 *(.rodata*)
 *fill*         0x00000000080070c9        0x3 
 .rodata.AHBPrescTable
                0x00000000080070cc       0x10 ./Core/Src/system_stm32l4xx.o
                0x00000000080070cc                AHBPrescTable
 .rodata.APBPrescTable
                0x00000000080070dc        0x8 ./Core/Src/system_stm32l4xx.o
                0x00000000080070dc                APBPrescTable
 .rodata.MSIRangeTable
                0x00000000080070e4       0x30 ./Core/Src/system_stm32l4xx.o
                0x00000000080070e4                MSIRangeTable
 .rodata._svfprintf_r.str1.1
                0x0000000008007114       0x11 /Applications/STM32CubeIDE.app/Contents/Eclipse/plugins/com.st.stm32cube.ide.mcu.externaltools.gnu-tools-for-stm32.9-2020-q2-update.macos64_2.0.0.202105311346/tools/bin/../lib/gcc/arm-none-eabi/9.3.1/../../../../arm-none-eabi/lib/thumb/v7e-m+fp/hard/libc_nano.a(lib_a-nano-svfprintf.o)
 .rodata._printf_i.str1.1
                0x0000000008007125       0x22 /Applications/STM32CubeIDE.app/Contents/Eclipse/plugins/com.st.stm32cube.ide.mcu.externaltools.gnu-tools-for-stm32.9-2020-q2-update.macos64_2.0.0.202105311346/tools/bin/../lib/gcc/arm-none-eabi/9.3.1/../../../../arm-none-eabi/lib/thumb/v7e-m+fp/hard/libc_nano.a(lib_a-nano-vfprintf_i.o)
                0x0000000008007148                . = ALIGN (0x4)
 *fill*         0x0000000008007147        0x1 

.ARM.extab      0x0000000008007148        0x0
                0x0000000008007148                . = ALIGN (0x4)
 *(.ARM.extab* .gnu.linkonce.armextab.*)
                0x0000000008007148                . = ALIGN (0x4)

.ARM            0x0000000008007148        0x8
                0x0000000008007148                . = ALIGN (0x4)
                0x0000000008007148                __exidx_start = .
 *(.ARM.exidx*)
 .ARM.exidx     0x0000000008007148        0x8 /Applications/STM32CubeIDE.app/Contents/Eclipse/plugins/com.st.stm32cube.ide.mcu.externaltools.gnu-tools-for-stm32.9-2020-q2-update.macos64_2.0.0.202105311346/tools/bin/../lib/gcc/arm-none-eabi/9.3.1/thumb/v7e-m+fp/hard/libgcc.a(_udivmoddi4.o)
                0x0000000008007150                __exidx_end = .
                0x0000000008007150                . = ALIGN (0x4)

.rel.dyn        0x0000000008007150        0x0
 .rel.iplt      0x0000000008007150        0x0 /Applications/STM32CubeIDE.app/Contents/Eclipse/plugins/com.st.stm32cube.ide.mcu.externaltools.gnu-tools-for-stm32.9-2020-q2-update.macos64_2.0.0.202105311346/tools/bin/../lib/gcc/arm-none-eabi/9.3.1/thumb/v7e-m+fp/hard/crtbegin.o

.preinit_array  0x0000000008007150        0x0
                0x0000000008007150                . = ALIGN (0x4)
                0x0000000008007150                PROVIDE (__preinit_array_start = .)
 *(.preinit_array*)
                0x0000000008007150                PROVIDE (__preinit_array_end = .)
                0x0000000008007150                . = ALIGN (0x4)

.init_array     0x0000000008007150        0x4
                0x0000000008007150                . = ALIGN (0x4)
                0x0000000008007150                PROVIDE (__init_array_start = .)
 *(SORT_BY_NAME(.init_array.*))
 *(.init_array*)
 .init_array    0x0000000008007150        0x4 /Applications/STM32CubeIDE.app/Contents/Eclipse/plugins/com.st.stm32cube.ide.mcu.externaltools.gnu-tools-for-stm32.9-2020-q2-update.macos64_2.0.0.202105311346/tools/bin/../lib/gcc/arm-none-eabi/9.3.1/thumb/v7e-m+fp/hard/crtbegin.o
                0x0000000008007154                PROVIDE (__init_array_end = .)
                0x0000000008007154                . = ALIGN (0x4)

.fini_array     0x0000000008007154        0x4
                0x0000000008007154                . = ALIGN (0x4)
                [!provide]                        PROVIDE (__fini_array_start = .)
 *(SORT_BY_NAME(.fini_array.*))
 *(.fini_array*)
 .fini_array    0x0000000008007154        0x4 /Applications/STM32CubeIDE.app/Contents/Eclipse/plugins/com.st.stm32cube.ide.mcu.externaltools.gnu-tools-for-stm32.9-2020-q2-update.macos64_2.0.0.202105311346/tools/bin/../lib/gcc/arm-none-eabi/9.3.1/thumb/v7e-m+fp/hard/crtbegin.o
                [!provide]                        PROVIDE (__fini_array_end = .)
                0x0000000008007158                . = ALIGN (0x4)
                0x0000000008007158                _sidata = LOADADDR (.data)

.data           0x0000000020000000       0x70 load address 0x0000000008007158
                0x0000000020000000                . = ALIGN (0x4)
                0x0000000020000000                _sdata = .
 *(.data)
 *(.data*)
 .data.SystemCoreClock
                0x0000000020000000        0x4 ./Core/Src/system_stm32l4xx.o
                0x0000000020000000                SystemCoreClock
 .data.uwTickPrio
                0x0000000020000004        0x4 ./Drivers/STM32L4xx_HAL_Driver/Src/stm32l4xx_hal.o
                0x0000000020000004                uwTickPrio
 .data.uwTickFreq
                0x0000000020000008        0x1 ./Drivers/STM32L4xx_HAL_Driver/Src/stm32l4xx_hal.o
                0x0000000020000008                uwTickFreq
 *fill*         0x0000000020000009        0x3 
 .data._impure_ptr
                0x000000002000000c        0x4 /Applications/STM32CubeIDE.app/Contents/Eclipse/plugins/com.st.stm32cube.ide.mcu.externaltools.gnu-tools-for-stm32.9-2020-q2-update.macos64_2.0.0.202105311346/tools/bin/../lib/gcc/arm-none-eabi/9.3.1/../../../../arm-none-eabi/lib/thumb/v7e-m+fp/hard/libc_nano.a(lib_a-impure.o)
                0x000000002000000c                _impure_ptr
 .data.impure_data
                0x0000000020000010       0x60 /Applications/STM32CubeIDE.app/Contents/Eclipse/plugins/com.st.stm32cube.ide.mcu.externaltools.gnu-tools-for-stm32.9-2020-q2-update.macos64_2.0.0.202105311346/tools/bin/../lib/gcc/arm-none-eabi/9.3.1/../../../../arm-none-eabi/lib/thumb/v7e-m+fp/hard/libc_nano.a(lib_a-impure.o)
 *(.RamFunc)
 *(.RamFunc*)
                0x0000000020000070                . = ALIGN (0x4)
                0x0000000020000070                _edata = .

.igot.plt       0x0000000020000070        0x0 load address 0x00000000080071c8
 .igot.plt      0x0000000020000070        0x0 /Applications/STM32CubeIDE.app/Contents/Eclipse/plugins/com.st.stm32cube.ide.mcu.externaltools.gnu-tools-for-stm32.9-2020-q2-update.macos64_2.0.0.202105311346/tools/bin/../lib/gcc/arm-none-eabi/9.3.1/thumb/v7e-m+fp/hard/crtbegin.o
                0x0000000020000070                . = ALIGN (0x4)

.bss            0x0000000020000070      0x220 load address 0x00000000080071c8
                0x0000000020000070                _sbss = .
                0x0000000020000070                __bss_start__ = _sbss
 *(.bss)
 .bss           0x0000000020000070       0x1c /Applications/STM32CubeIDE.app/Contents/Eclipse/plugins/com.st.stm32cube.ide.mcu.externaltools.gnu-tools-for-stm32.9-2020-q2-update.macos64_2.0.0.202105311346/tools/bin/../lib/gcc/arm-none-eabi/9.3.1/thumb/v7e-m+fp/hard/crtbegin.o
 *(.bss*)
 .bss.__sbrk_heap_end
                0x000000002000008c        0x4 ./Core/Src/sysmem.o
 .bss.yellow_trajectory_state
                0x0000000020000090        0x1 ./Core/Src/tasks.o
                0x0000000020000090                yellow_trajectory_state
 .bss.search_line_state
                0x0000000020000091        0x1 ./Core/Src/tasks.o
                0x0000000020000091                search_line_state
 .bss.avoid_obstacle_state
                0x0000000020000092        0x1 ./Core/Src/tasks.o
                0x0000000020000092                avoid_obstacle_state
 .bss.perimeter_checked
                0x0000000020000093        0x1 ./Core/Src/tasks.o
                0x0000000020000093                perimeter_checked
 .bss.obstacle_passed
                0x0000000020000094        0x1 ./Core/Src/tasks.o
                0x0000000020000094                obstacle_passed
 *fill*         0x0000000020000095        0x3 
 .bss.last_switch_left
                0x0000000020000098        0x4 ./Core/Src/utility.o
                0x0000000020000098                last_switch_left
 .bss.last_switch_right
                0x000000002000009c        0x4 ./Core/Src/utility.o
                0x000000002000009c                last_switch_right
 .bss.last_switch_tail
                0x00000000200000a0        0x4 ./Core/Src/utility.o
                0x00000000200000a0                last_switch_tail
 .bss.__malloc_free_list
                0x00000000200000a4        0x4 /Applications/STM32CubeIDE.app/Contents/Eclipse/plugins/com.st.stm32cube.ide.mcu.externaltools.gnu-tools-for-stm32.9-2020-q2-update.macos64_2.0.0.202105311346/tools/bin/../lib/gcc/arm-none-eabi/9.3.1/../../../../arm-none-eabi/lib/thumb/v7e-m+fp/hard/libc_nano.a(lib_a-nano-mallocr.o)
                0x00000000200000a4                __malloc_free_list
 .bss.__malloc_sbrk_start
                0x00000000200000a8        0x4 /Applications/STM32CubeIDE.app/Contents/Eclipse/plugins/com.st.stm32cube.ide.mcu.externaltools.gnu-tools-for-stm32.9-2020-q2-update.macos64_2.0.0.202105311346/tools/bin/../lib/gcc/arm-none-eabi/9.3.1/../../../../arm-none-eabi/lib/thumb/v7e-m+fp/hard/libc_nano.a(lib_a-nano-mallocr.o)
                0x00000000200000a8                __malloc_sbrk_start
 *(COMMON)
 COMMON         0x00000000200000ac       0xac ./Core/Src/adc.o
                0x00000000200000ac                hadc1
                0x0000000020000110                hdma_adc1
 COMMON         0x0000000020000158       0x50 ./Core/Src/main.o
                0x0000000020000158                encoder_left_cnt
                0x000000002000015c                left_linesensor_state
                0x000000002000015d                current_state
                0x000000002000015e                right_linesensor_state
                0x0000000020000160                speed_right
                0x0000000020000168                speed_left
                0x0000000020000170                middle_linesensor_state
                0x0000000020000174                buffer
                0x000000002000018c                adc
                0x00000000200001a4                encoder_right_cnt
 COMMON         0x00000000200001a8        0x2 ./Core/Src/sensors.o
                0x00000000200001a8                threshold_left_state
                0x00000000200001a9                threshold_right_state
 *fill*         0x00000000200001aa        0x2 
 COMMON         0x00000000200001ac       0x4c ./Core/Src/tim.o
                0x00000000200001ac                htim1
 COMMON         0x00000000200001f8       0x84 ./Core/Src/usart.o
                0x00000000200001f8                huart2
 COMMON         0x000000002000027c        0x4 ./Drivers/STM32L4xx_HAL_Driver/Src/stm32l4xx_hal.o
                0x000000002000027c                uwTick
 COMMON         0x0000000020000280        0x4 /Applications/STM32CubeIDE.app/Contents/Eclipse/plugins/com.st.stm32cube.ide.mcu.externaltools.gnu-tools-for-stm32.9-2020-q2-update.macos64_2.0.0.202105311346/tools/bin/../lib/gcc/arm-none-eabi/9.3.1/../../../../arm-none-eabi/lib/thumb/v7e-m+fp/hard/libc_nano.a(lib_a-reent.o)
                0x0000000020000280                errno
 COMMON         0x0000000020000284        0x9 /Applications/STM32CubeIDE.app/Contents/Eclipse/plugins/com.st.stm32cube.ide.mcu.externaltools.gnu-tools-for-stm32.9-2020-q2-update.macos64_2.0.0.202105311346/tools/bin/../lib/gcc/arm-none-eabi/9.3.1/../../../../arm-none-eabi/lib/thumb/v7e-m+fp/hard/libc_nano.a(lib_a-lock.o)
                0x0000000020000284                __lock___atexit_recursive_mutex
                0x0000000020000285                __lock___arc4random_mutex
                0x0000000020000286                __lock___env_recursive_mutex
                0x0000000020000287                __lock___sinit_recursive_mutex
                0x0000000020000288                __lock___malloc_recursive_mutex
                0x0000000020000289                __lock___at_quick_exit_mutex
                0x000000002000028a                __lock___dd_hash_mutex
                0x000000002000028b                __lock___tz_mutex
                0x000000002000028c                __lock___sfp_recursive_mutex
                0x0000000020000290                . = ALIGN (0x4)
 *fill*         0x000000002000028d        0x3 
                0x0000000020000290                _ebss = .
                0x0000000020000290                __bss_end__ = _ebss

._user_heap_stack
                0x0000000020000290      0x600 load address 0x00000000080071c8
                0x0000000020000290                . = ALIGN (0x8)
                [!provide]                        PROVIDE (end = .)
                0x0000000020000290                PROVIDE (_end = .)
                0x0000000020000490                . = (. + _Min_Heap_Size)
 *fill*         0x0000000020000290      0x200 
                0x0000000020000890                . = (. + _Min_Stack_Size)
 *fill*         0x0000000020000490      0x400 
                0x0000000020000890                . = ALIGN (0x8)

/DISCARD/
 libc.a(*)
 libm.a(*)
 libgcc.a(*)

.ARM.attributes
                0x0000000000000000       0x30
 *(.ARM.attributes)
 .ARM.attributes
                0x0000000000000000       0x1e /Applications/STM32CubeIDE.app/Contents/Eclipse/plugins/com.st.stm32cube.ide.mcu.externaltools.gnu-tools-for-stm32.9-2020-q2-update.macos64_2.0.0.202105311346/tools/bin/../lib/gcc/arm-none-eabi/9.3.1/thumb/v7e-m+fp/hard/crti.o
 .ARM.attributes
                0x000000000000001e       0x34 /Applications/STM32CubeIDE.app/Contents/Eclipse/plugins/com.st.stm32cube.ide.mcu.externaltools.gnu-tools-for-stm32.9-2020-q2-update.macos64_2.0.0.202105311346/tools/bin/../lib/gcc/arm-none-eabi/9.3.1/thumb/v7e-m+fp/hard/crtbegin.o
 .ARM.attributes
                0x0000000000000052       0x34 ./Core/Src/adc.o
 .ARM.attributes
                0x0000000000000086       0x34 ./Core/Src/dma.o
 .ARM.attributes
                0x00000000000000ba       0x34 ./Core/Src/driving.o
 .ARM.attributes
                0x00000000000000ee       0x34 ./Core/Src/gpio.o
 .ARM.attributes
                0x0000000000000122       0x34 ./Core/Src/main.o
 .ARM.attributes
                0x0000000000000156       0x34 ./Core/Src/sensors.o
 .ARM.attributes
                0x000000000000018a       0x34 ./Core/Src/stm32l4xx_hal_msp.o
 .ARM.attributes
                0x00000000000001be       0x34 ./Core/Src/stm32l4xx_it.o
 .ARM.attributes
                0x00000000000001f2       0x34 ./Core/Src/sysmem.o
 .ARM.attributes
                0x0000000000000226       0x34 ./Core/Src/system_stm32l4xx.o
 .ARM.attributes
                0x000000000000025a       0x34 ./Core/Src/tasks.o
 .ARM.attributes
                0x000000000000028e       0x34 ./Core/Src/tim.o
 .ARM.attributes
                0x00000000000002c2       0x34 ./Core/Src/usart.o
 .ARM.attributes
                0x00000000000002f6       0x34 ./Core/Src/utility.o
 .ARM.attributes
                0x000000000000032a       0x21 ./Core/Startup/startup_stm32l432kcux.o
 .ARM.attributes
                0x000000000000034b       0x34 ./Drivers/STM32L4xx_HAL_Driver/Src/stm32l4xx_hal.o
 .ARM.attributes
                0x000000000000037f       0x34 ./Drivers/STM32L4xx_HAL_Driver/Src/stm32l4xx_hal_adc.o
 .ARM.attributes
                0x00000000000003b3       0x34 ./Drivers/STM32L4xx_HAL_Driver/Src/stm32l4xx_hal_cortex.o
 .ARM.attributes
                0x00000000000003e7       0x34 ./Drivers/STM32L4xx_HAL_Driver/Src/stm32l4xx_hal_dma.o
 .ARM.attributes
                0x000000000000041b       0x34 ./Drivers/STM32L4xx_HAL_Driver/Src/stm32l4xx_hal_gpio.o
 .ARM.attributes
                0x000000000000044f       0x34 ./Drivers/STM32L4xx_HAL_Driver/Src/stm32l4xx_hal_pwr.o
 .ARM.attributes
                0x0000000000000483       0x34 ./Drivers/STM32L4xx_HAL_Driver/Src/stm32l4xx_hal_pwr_ex.o
 .ARM.attributes
                0x00000000000004b7       0x34 ./Drivers/STM32L4xx_HAL_Driver/Src/stm32l4xx_hal_rcc.o
 .ARM.attributes
                0x00000000000004eb       0x34 ./Drivers/STM32L4xx_HAL_Driver/Src/stm32l4xx_hal_rcc_ex.o
 .ARM.attributes
                0x000000000000051f       0x34 ./Drivers/STM32L4xx_HAL_Driver/Src/stm32l4xx_hal_tim.o
 .ARM.attributes
                0x0000000000000553       0x34 ./Drivers/STM32L4xx_HAL_Driver/Src/stm32l4xx_hal_tim_ex.o
 .ARM.attributes
                0x0000000000000587       0x34 ./Drivers/STM32L4xx_HAL_Driver/Src/stm32l4xx_hal_uart.o
 .ARM.attributes
                0x00000000000005bb       0x34 /Applications/STM32CubeIDE.app/Contents/Eclipse/plugins/com.st.stm32cube.ide.mcu.externaltools.gnu-tools-for-stm32.9-2020-q2-update.macos64_2.0.0.202105311346/tools/bin/../lib/gcc/arm-none-eabi/9.3.1/../../../../arm-none-eabi/lib/thumb/v7e-m+fp/hard/libc_nano.a(lib_a-errno.o)
 .ARM.attributes
                0x00000000000005ef       0x32 /Applications/STM32CubeIDE.app/Contents/Eclipse/plugins/com.st.stm32cube.ide.mcu.externaltools.gnu-tools-for-stm32.9-2020-q2-update.macos64_2.0.0.202105311346/tools/bin/../lib/gcc/arm-none-eabi/9.3.1/../../../../arm-none-eabi/lib/thumb/v7e-m+fp/hard/libc_nano.a(lib_a-impure.o)
 .ARM.attributes
                0x0000000000000621       0x34 /Applications/STM32CubeIDE.app/Contents/Eclipse/plugins/com.st.stm32cube.ide.mcu.externaltools.gnu-tools-for-stm32.9-2020-q2-update.macos64_2.0.0.202105311346/tools/bin/../lib/gcc/arm-none-eabi/9.3.1/../../../../arm-none-eabi/lib/thumb/v7e-m+fp/hard/libc_nano.a(lib_a-init.o)
 .ARM.attributes
                0x0000000000000655       0x34 /Applications/STM32CubeIDE.app/Contents/Eclipse/plugins/com.st.stm32cube.ide.mcu.externaltools.gnu-tools-for-stm32.9-2020-q2-update.macos64_2.0.0.202105311346/tools/bin/../lib/gcc/arm-none-eabi/9.3.1/../../../../arm-none-eabi/lib/thumb/v7e-m+fp/hard/libc_nano.a(lib_a-memset.o)
 .ARM.attributes
                0x0000000000000689       0x34 /Applications/STM32CubeIDE.app/Contents/Eclipse/plugins/com.st.stm32cube.ide.mcu.externaltools.gnu-tools-for-stm32.9-2020-q2-update.macos64_2.0.0.202105311346/tools/bin/../lib/gcc/arm-none-eabi/9.3.1/../../../../arm-none-eabi/lib/thumb/v7e-m+fp/hard/libc_nano.a(lib_a-sprintf.o)
 .ARM.attributes
                0x00000000000006bd       0x34 /Applications/STM32CubeIDE.app/Contents/Eclipse/plugins/com.st.stm32cube.ide.mcu.externaltools.gnu-tools-for-stm32.9-2020-q2-update.macos64_2.0.0.202105311346/tools/bin/../lib/gcc/arm-none-eabi/9.3.1/../../../../arm-none-eabi/lib/thumb/v7e-m+fp/hard/libc_nano.a(lib_a-nano-svfprintf.o)
 .ARM.attributes
                0x00000000000006f1       0x34 /Applications/STM32CubeIDE.app/Contents/Eclipse/plugins/com.st.stm32cube.ide.mcu.externaltools.gnu-tools-for-stm32.9-2020-q2-update.macos64_2.0.0.202105311346/tools/bin/../lib/gcc/arm-none-eabi/9.3.1/../../../../arm-none-eabi/lib/thumb/v7e-m+fp/hard/libc_nano.a(lib_a-nano-vfprintf_i.o)
 .ARM.attributes
                0x0000000000000725       0x1c /Applications/STM32CubeIDE.app/Contents/Eclipse/plugins/com.st.stm32cube.ide.mcu.externaltools.gnu-tools-for-stm32.9-2020-q2-update.macos64_2.0.0.202105311346/tools/bin/../lib/gcc/arm-none-eabi/9.3.1/../../../../arm-none-eabi/lib/thumb/v7e-m+fp/hard/libc_nano.a(lib_a-memchr.o)
 .ARM.attributes
                0x0000000000000741       0x34 /Applications/STM32CubeIDE.app/Contents/Eclipse/plugins/com.st.stm32cube.ide.mcu.externaltools.gnu-tools-for-stm32.9-2020-q2-update.macos64_2.0.0.202105311346/tools/bin/../lib/gcc/arm-none-eabi/9.3.1/../../../../arm-none-eabi/lib/thumb/v7e-m+fp/hard/libc_nano.a(lib_a-memcpy-stub.o)
 .ARM.attributes
                0x0000000000000775       0x34 /Applications/STM32CubeIDE.app/Contents/Eclipse/plugins/com.st.stm32cube.ide.mcu.externaltools.gnu-tools-for-stm32.9-2020-q2-update.macos64_2.0.0.202105311346/tools/bin/../lib/gcc/arm-none-eabi/9.3.1/../../../../arm-none-eabi/lib/thumb/v7e-m+fp/hard/libc_nano.a(lib_a-memmove.o)
 .ARM.attributes
                0x00000000000007a9       0x34 /Applications/STM32CubeIDE.app/Contents/Eclipse/plugins/com.st.stm32cube.ide.mcu.externaltools.gnu-tools-for-stm32.9-2020-q2-update.macos64_2.0.0.202105311346/tools/bin/../lib/gcc/arm-none-eabi/9.3.1/../../../../arm-none-eabi/lib/thumb/v7e-m+fp/hard/libc_nano.a(lib_a-nano-freer.o)
 .ARM.attributes
                0x00000000000007dd       0x34 /Applications/STM32CubeIDE.app/Contents/Eclipse/plugins/com.st.stm32cube.ide.mcu.externaltools.gnu-tools-for-stm32.9-2020-q2-update.macos64_2.0.0.202105311346/tools/bin/../lib/gcc/arm-none-eabi/9.3.1/../../../../arm-none-eabi/lib/thumb/v7e-m+fp/hard/libc_nano.a(lib_a-nano-mallocr.o)
 .ARM.attributes
                0x0000000000000811       0x34 /Applications/STM32CubeIDE.app/Contents/Eclipse/plugins/com.st.stm32cube.ide.mcu.externaltools.gnu-tools-for-stm32.9-2020-q2-update.macos64_2.0.0.202105311346/tools/bin/../lib/gcc/arm-none-eabi/9.3.1/../../../../arm-none-eabi/lib/thumb/v7e-m+fp/hard/libc_nano.a(lib_a-nano-reallocr.o)
 .ARM.attributes
                0x0000000000000845       0x34 /Applications/STM32CubeIDE.app/Contents/Eclipse/plugins/com.st.stm32cube.ide.mcu.externaltools.gnu-tools-for-stm32.9-2020-q2-update.macos64_2.0.0.202105311346/tools/bin/../lib/gcc/arm-none-eabi/9.3.1/../../../../arm-none-eabi/lib/thumb/v7e-m+fp/hard/libc_nano.a(lib_a-sbrkr.o)
 .ARM.attributes
                0x0000000000000879       0x34 /Applications/STM32CubeIDE.app/Contents/Eclipse/plugins/com.st.stm32cube.ide.mcu.externaltools.gnu-tools-for-stm32.9-2020-q2-update.macos64_2.0.0.202105311346/tools/bin/../lib/gcc/arm-none-eabi/9.3.1/../../../../arm-none-eabi/lib/thumb/v7e-m+fp/hard/libc_nano.a(lib_a-mlock.o)
 .ARM.attributes
                0x00000000000008ad       0x34 /Applications/STM32CubeIDE.app/Contents/Eclipse/plugins/com.st.stm32cube.ide.mcu.externaltools.gnu-tools-for-stm32.9-2020-q2-update.macos64_2.0.0.202105311346/tools/bin/../lib/gcc/arm-none-eabi/9.3.1/../../../../arm-none-eabi/lib/thumb/v7e-m+fp/hard/libc_nano.a(lib_a-nano-msizer.o)
 .ARM.attributes
                0x00000000000008e1       0x34 /Applications/STM32CubeIDE.app/Contents/Eclipse/plugins/com.st.stm32cube.ide.mcu.externaltools.gnu-tools-for-stm32.9-2020-q2-update.macos64_2.0.0.202105311346/tools/bin/../lib/gcc/arm-none-eabi/9.3.1/../../../../arm-none-eabi/lib/thumb/v7e-m+fp/hard/libc_nano.a(lib_a-reent.o)
 .ARM.attributes
                0x0000000000000915       0x34 /Applications/STM32CubeIDE.app/Contents/Eclipse/plugins/com.st.stm32cube.ide.mcu.externaltools.gnu-tools-for-stm32.9-2020-q2-update.macos64_2.0.0.202105311346/tools/bin/../lib/gcc/arm-none-eabi/9.3.1/../../../../arm-none-eabi/lib/thumb/v7e-m+fp/hard/libc_nano.a(lib_a-lock.o)
 .ARM.attributes
                0x0000000000000949       0x1e /Applications/STM32CubeIDE.app/Contents/Eclipse/plugins/com.st.stm32cube.ide.mcu.externaltools.gnu-tools-for-stm32.9-2020-q2-update.macos64_2.0.0.202105311346/tools/bin/../lib/gcc/arm-none-eabi/9.3.1/thumb/v7e-m+fp/hard/libgcc.a(_arm_muldf3.o)
 .ARM.attributes
                0x0000000000000967       0x1e /Applications/STM32CubeIDE.app/Contents/Eclipse/plugins/com.st.stm32cube.ide.mcu.externaltools.gnu-tools-for-stm32.9-2020-q2-update.macos64_2.0.0.202105311346/tools/bin/../lib/gcc/arm-none-eabi/9.3.1/thumb/v7e-m+fp/hard/libgcc.a(_arm_addsubdf3.o)
 .ARM.attributes
                0x0000000000000985       0x1e /Applications/STM32CubeIDE.app/Contents/Eclipse/plugins/com.st.stm32cube.ide.mcu.externaltools.gnu-tools-for-stm32.9-2020-q2-update.macos64_2.0.0.202105311346/tools/bin/../lib/gcc/arm-none-eabi/9.3.1/thumb/v7e-m+fp/hard/libgcc.a(_arm_cmpdf2.o)
 .ARM.attributes
                0x00000000000009a3       0x1e /Applications/STM32CubeIDE.app/Contents/Eclipse/plugins/com.st.stm32cube.ide.mcu.externaltools.gnu-tools-for-stm32.9-2020-q2-update.macos64_2.0.0.202105311346/tools/bin/../lib/gcc/arm-none-eabi/9.3.1/thumb/v7e-m+fp/hard/libgcc.a(_arm_fixdfsi.o)
 .ARM.attributes
                0x00000000000009c1       0x1e /Applications/STM32CubeIDE.app/Contents/Eclipse/plugins/com.st.stm32cube.ide.mcu.externaltools.gnu-tools-for-stm32.9-2020-q2-update.macos64_2.0.0.202105311346/tools/bin/../lib/gcc/arm-none-eabi/9.3.1/thumb/v7e-m+fp/hard/libgcc.a(_aeabi_uldivmod.o)
 .ARM.attributes
                0x00000000000009df       0x34 /Applications/STM32CubeIDE.app/Contents/Eclipse/plugins/com.st.stm32cube.ide.mcu.externaltools.gnu-tools-for-stm32.9-2020-q2-update.macos64_2.0.0.202105311346/tools/bin/../lib/gcc/arm-none-eabi/9.3.1/thumb/v7e-m+fp/hard/libgcc.a(_udivmoddi4.o)
 .ARM.attributes
                0x0000000000000a13       0x1e /Applications/STM32CubeIDE.app/Contents/Eclipse/plugins/com.st.stm32cube.ide.mcu.externaltools.gnu-tools-for-stm32.9-2020-q2-update.macos64_2.0.0.202105311346/tools/bin/../lib/gcc/arm-none-eabi/9.3.1/thumb/v7e-m+fp/hard/libgcc.a(_dvmd_tls.o)
 .ARM.attributes
                0x0000000000000a31       0x1e /Applications/STM32CubeIDE.app/Contents/Eclipse/plugins/com.st.stm32cube.ide.mcu.externaltools.gnu-tools-for-stm32.9-2020-q2-update.macos64_2.0.0.202105311346/tools/bin/../lib/gcc/arm-none-eabi/9.3.1/thumb/v7e-m+fp/hard/crtn.o
OUTPUT(MobileRobots.elf elf32-littlearm)
LOAD linker stubs
LOAD /Applications/STM32CubeIDE.app/Contents/Eclipse/plugins/com.st.stm32cube.ide.mcu.externaltools.gnu-tools-for-stm32.9-2020-q2-update.macos64_2.0.0.202105311346/tools/bin/../lib/gcc/arm-none-eabi/9.3.1/../../../../arm-none-eabi/lib/thumb/v7e-m+fp/hard/libc.a
LOAD /Applications/STM32CubeIDE.app/Contents/Eclipse/plugins/com.st.stm32cube.ide.mcu.externaltools.gnu-tools-for-stm32.9-2020-q2-update.macos64_2.0.0.202105311346/tools/bin/../lib/gcc/arm-none-eabi/9.3.1/../../../../arm-none-eabi/lib/thumb/v7e-m+fp/hard/libm.a
LOAD /Applications/STM32CubeIDE.app/Contents/Eclipse/plugins/com.st.stm32cube.ide.mcu.externaltools.gnu-tools-for-stm32.9-2020-q2-update.macos64_2.0.0.202105311346/tools/bin/../lib/gcc/arm-none-eabi/9.3.1/thumb/v7e-m+fp/hard/libgcc.a

.debug_info     0x0000000000000000    0x1b014
 .debug_info    0x0000000000000000      0xf71 ./Core/Src/adc.o
 .debug_info    0x0000000000000f71      0x728 ./Core/Src/dma.o
 .debug_info    0x0000000000001699     0x15d3 ./Core/Src/driving.o
 .debug_info    0x0000000000002c6c      0x707 ./Core/Src/gpio.o
 .debug_info    0x0000000000003373     0x1ebe ./Core/Src/main.o
 .debug_info    0x0000000000005231     0x1703 ./Core/Src/sensors.o
 .debug_info    0x0000000000006934      0x598 ./Core/Src/stm32l4xx_hal_msp.o
 .debug_info    0x0000000000006ecc      0x5eb ./Core/Src/stm32l4xx_it.o
 .debug_info    0x00000000000074b7      0xa25 ./Core/Src/sysmem.o
 .debug_info    0x0000000000007edc      0x787 ./Core/Src/system_stm32l4xx.o
 .debug_info    0x0000000000008663     0x1514 ./Core/Src/tasks.o
 .debug_info    0x0000000000009b77      0xf32 ./Core/Src/tim.o
 .debug_info    0x000000000000aaa9      0xe39 ./Core/Src/usart.o
 .debug_info    0x000000000000b8e2     0x1469 ./Core/Src/utility.o
 .debug_info    0x000000000000cd4b       0x22 ./Core/Startup/startup_stm32l432kcux.o
 .debug_info    0x000000000000cd6d      0xb5e ./Drivers/STM32L4xx_HAL_Driver/Src/stm32l4xx_hal.o
 .debug_info    0x000000000000d8cb     0x1eab ./Drivers/STM32L4xx_HAL_Driver/Src/stm32l4xx_hal_adc.o
 .debug_info    0x000000000000f776      0xfb0 ./Drivers/STM32L4xx_HAL_Driver/Src/stm32l4xx_hal_cortex.o
 .debug_info    0x0000000000010726      0x973 ./Drivers/STM32L4xx_HAL_Driver/Src/stm32l4xx_hal_dma.o
 .debug_info    0x0000000000011099      0xa5f ./Drivers/STM32L4xx_HAL_Driver/Src/stm32l4xx_hal_gpio.o
 .debug_info    0x0000000000011af8      0xb47 ./Drivers/STM32L4xx_HAL_Driver/Src/stm32l4xx_hal_pwr.o
 .debug_info    0x000000000001263f      0xb7b ./Drivers/STM32L4xx_HAL_Driver/Src/stm32l4xx_hal_pwr_ex.o
 .debug_info    0x00000000000131ba      0xdb5 ./Drivers/STM32L4xx_HAL_Driver/Src/stm32l4xx_hal_rcc.o
 .debug_info    0x0000000000013f6f     0x1108 ./Drivers/STM32L4xx_HAL_Driver/Src/stm32l4xx_hal_rcc_ex.o
 .debug_info    0x0000000000015077     0x2cb9 ./Drivers/STM32L4xx_HAL_Driver/Src/stm32l4xx_hal_tim.o
 .debug_info    0x0000000000017d30     0x1813 ./Drivers/STM32L4xx_HAL_Driver/Src/stm32l4xx_hal_tim_ex.o
 .debug_info    0x0000000000019543     0x1ad1 ./Drivers/STM32L4xx_HAL_Driver/Src/stm32l4xx_hal_uart.o

.debug_abbrev   0x0000000000000000     0x34a1
 .debug_abbrev  0x0000000000000000      0x1ce ./Core/Src/adc.o
 .debug_abbrev  0x00000000000001ce      0x13b ./Core/Src/dma.o
 .debug_abbrev  0x0000000000000309      0x233 ./Core/Src/driving.o
 .debug_abbrev  0x000000000000053c      0x14e ./Core/Src/gpio.o
 .debug_abbrev  0x000000000000068a      0x293 ./Core/Src/main.o
 .debug_abbrev  0x000000000000091d      0x26c ./Core/Src/sensors.o
 .debug_abbrev  0x0000000000000b89      0x13d ./Core/Src/stm32l4xx_hal_msp.o
 .debug_abbrev  0x0000000000000cc6      0x163 ./Core/Src/stm32l4xx_it.o
 .debug_abbrev  0x0000000000000e29      0x1bf ./Core/Src/sysmem.o
 .debug_abbrev  0x0000000000000fe8      0x165 ./Core/Src/system_stm32l4xx.o
 .debug_abbrev  0x000000000000114d      0x22d ./Core/Src/tasks.o
 .debug_abbrev  0x000000000000137a      0x1df ./Core/Src/tim.o
 .debug_abbrev  0x0000000000001559      0x1bb ./Core/Src/usart.o
 .debug_abbrev  0x0000000000001714      0x245 ./Core/Src/utility.o
 .debug_abbrev  0x0000000000001959       0x12 ./Core/Startup/startup_stm32l432kcux.o
 .debug_abbrev  0x000000000000196b      0x20b ./Drivers/STM32L4xx_HAL_Driver/Src/stm32l4xx_hal.o
 .debug_abbrev  0x0000000000001b76      0x288 ./Drivers/STM32L4xx_HAL_Driver/Src/stm32l4xx_hal_adc.o
 .debug_abbrev  0x0000000000001dfe      0x33c ./Drivers/STM32L4xx_HAL_Driver/Src/stm32l4xx_hal_cortex.o
 .debug_abbrev  0x000000000000213a      0x201 ./Drivers/STM32L4xx_HAL_Driver/Src/stm32l4xx_hal_dma.o
 .debug_abbrev  0x000000000000233b      0x1e8 ./Drivers/STM32L4xx_HAL_Driver/Src/stm32l4xx_hal_gpio.o
 .debug_abbrev  0x0000000000002523      0x1ab ./Drivers/STM32L4xx_HAL_Driver/Src/stm32l4xx_hal_pwr.o
 .debug_abbrev  0x00000000000026ce      0x1f3 ./Drivers/STM32L4xx_HAL_Driver/Src/stm32l4xx_hal_pwr_ex.o
 .debug_abbrev  0x00000000000028c1      0x275 ./Drivers/STM32L4xx_HAL_Driver/Src/stm32l4xx_hal_rcc.o
 .debug_abbrev  0x0000000000002b36      0x268 ./Drivers/STM32L4xx_HAL_Driver/Src/stm32l4xx_hal_rcc_ex.o
 .debug_abbrev  0x0000000000002d9e      0x25e ./Drivers/STM32L4xx_HAL_Driver/Src/stm32l4xx_hal_tim.o
 .debug_abbrev  0x0000000000002ffc      0x266 ./Drivers/STM32L4xx_HAL_Driver/Src/stm32l4xx_hal_tim_ex.o
 .debug_abbrev  0x0000000000003262      0x23f ./Drivers/STM32L4xx_HAL_Driver/Src/stm32l4xx_hal_uart.o

.debug_aranges  0x0000000000000000     0x12c0
 .debug_aranges
                0x0000000000000000       0x30 ./Core/Src/adc.o
 .debug_aranges
                0x0000000000000030       0x20 ./Core/Src/dma.o
 .debug_aranges
                0x0000000000000050       0x28 ./Core/Src/driving.o
 .debug_aranges
                0x0000000000000078       0x20 ./Core/Src/gpio.o
 .debug_aranges
                0x0000000000000098       0x38 ./Core/Src/main.o
 .debug_aranges
                0x00000000000000d0       0x38 ./Core/Src/sensors.o
 .debug_aranges
                0x0000000000000108       0x20 ./Core/Src/stm32l4xx_hal_msp.o
 .debug_aranges
                0x0000000000000128       0x68 ./Core/Src/stm32l4xx_it.o
 .debug_aranges
                0x0000000000000190       0x20 ./Core/Src/sysmem.o
 .debug_aranges
                0x00000000000001b0       0x28 ./Core/Src/system_stm32l4xx.o
 .debug_aranges
                0x00000000000001d8       0x40 ./Core/Src/tasks.o
 .debug_aranges
                0x0000000000000218       0x38 ./Core/Src/tim.o
 .debug_aranges
                0x0000000000000250       0x30 ./Core/Src/usart.o
 .debug_aranges
                0x0000000000000280       0x50 ./Core/Src/utility.o
 .debug_aranges
                0x00000000000002d0       0x28 ./Core/Startup/startup_stm32l432kcux.o
 .debug_aranges
                0x00000000000002f8      0x108 ./Drivers/STM32L4xx_HAL_Driver/Src/stm32l4xx_hal.o
 .debug_aranges
                0x0000000000000400      0x210 ./Drivers/STM32L4xx_HAL_Driver/Src/stm32l4xx_hal_adc.o
 .debug_aranges
                0x0000000000000610      0x118 ./Drivers/STM32L4xx_HAL_Driver/Src/stm32l4xx_hal_cortex.o
 .debug_aranges
                0x0000000000000728       0x80 ./Drivers/STM32L4xx_HAL_Driver/Src/stm32l4xx_hal_dma.o
 .debug_aranges
                0x00000000000007a8       0x58 ./Drivers/STM32L4xx_HAL_Driver/Src/stm32l4xx_hal_gpio.o
 .debug_aranges
                0x0000000000000800       0x98 ./Drivers/STM32L4xx_HAL_Driver/Src/stm32l4xx_hal_pwr.o
 .debug_aranges
                0x0000000000000898      0x128 ./Drivers/STM32L4xx_HAL_Driver/Src/stm32l4xx_hal_pwr_ex.o
 .debug_aranges
                0x00000000000009c0       0x88 ./Drivers/STM32L4xx_HAL_Driver/Src/stm32l4xx_hal_rcc.o
 .debug_aranges
                0x0000000000000a48       0xf0 ./Drivers/STM32L4xx_HAL_Driver/Src/stm32l4xx_hal_rcc_ex.o
 .debug_aranges
                0x0000000000000b38      0x3e0 ./Drivers/STM32L4xx_HAL_Driver/Src/stm32l4xx_hal_tim.o
 .debug_aranges
                0x0000000000000f18      0x180 ./Drivers/STM32L4xx_HAL_Driver/Src/stm32l4xx_hal_tim_ex.o
 .debug_aranges
                0x0000000000001098      0x228 ./Drivers/STM32L4xx_HAL_Driver/Src/stm32l4xx_hal_uart.o

.debug_ranges   0x0000000000000000     0x1148
 .debug_ranges  0x0000000000000000       0x20 ./Core/Src/adc.o
 .debug_ranges  0x0000000000000020       0x10 ./Core/Src/dma.o
 .debug_ranges  0x0000000000000030       0x18 ./Core/Src/driving.o
 .debug_ranges  0x0000000000000048       0x10 ./Core/Src/gpio.o
 .debug_ranges  0x0000000000000058       0x28 ./Core/Src/main.o
 .debug_ranges  0x0000000000000080       0x28 ./Core/Src/sensors.o
 .debug_ranges  0x00000000000000a8       0x10 ./Core/Src/stm32l4xx_hal_msp.o
 .debug_ranges  0x00000000000000b8       0x58 ./Core/Src/stm32l4xx_it.o
 .debug_ranges  0x0000000000000110       0x10 ./Core/Src/sysmem.o
 .debug_ranges  0x0000000000000120       0x18 ./Core/Src/system_stm32l4xx.o
 .debug_ranges  0x0000000000000138       0x30 ./Core/Src/tasks.o
 .debug_ranges  0x0000000000000168       0x28 ./Core/Src/tim.o
 .debug_ranges  0x0000000000000190       0x20 ./Core/Src/usart.o
 .debug_ranges  0x00000000000001b0       0x40 ./Core/Src/utility.o
 .debug_ranges  0x00000000000001f0       0x20 ./Core/Startup/startup_stm32l432kcux.o
 .debug_ranges  0x0000000000000210       0xf8 ./Drivers/STM32L4xx_HAL_Driver/Src/stm32l4xx_hal.o
 .debug_ranges  0x0000000000000308      0x200 ./Drivers/STM32L4xx_HAL_Driver/Src/stm32l4xx_hal_adc.o
 .debug_ranges  0x0000000000000508      0x108 ./Drivers/STM32L4xx_HAL_Driver/Src/stm32l4xx_hal_cortex.o
 .debug_ranges  0x0000000000000610       0x70 ./Drivers/STM32L4xx_HAL_Driver/Src/stm32l4xx_hal_dma.o
 .debug_ranges  0x0000000000000680       0x48 ./Drivers/STM32L4xx_HAL_Driver/Src/stm32l4xx_hal_gpio.o
 .debug_ranges  0x00000000000006c8       0x88 ./Drivers/STM32L4xx_HAL_Driver/Src/stm32l4xx_hal_pwr.o
 .debug_ranges  0x0000000000000750      0x118 ./Drivers/STM32L4xx_HAL_Driver/Src/stm32l4xx_hal_pwr_ex.o
 .debug_ranges  0x0000000000000868       0x78 ./Drivers/STM32L4xx_HAL_Driver/Src/stm32l4xx_hal_rcc.o
 .debug_ranges  0x00000000000008e0       0xe0 ./Drivers/STM32L4xx_HAL_Driver/Src/stm32l4xx_hal_rcc_ex.o
 .debug_ranges  0x00000000000009c0      0x3d0 ./Drivers/STM32L4xx_HAL_Driver/Src/stm32l4xx_hal_tim.o
 .debug_ranges  0x0000000000000d90      0x170 ./Drivers/STM32L4xx_HAL_Driver/Src/stm32l4xx_hal_tim_ex.o
 .debug_ranges  0x0000000000000f00      0x248 ./Drivers/STM32L4xx_HAL_Driver/Src/stm32l4xx_hal_uart.o

.debug_macro    0x0000000000000000    0x24f4f
 .debug_macro   0x0000000000000000      0x215 ./Core/Src/adc.o
 .debug_macro   0x0000000000000215      0xaa8 ./Core/Src/adc.o
 .debug_macro   0x0000000000000cbd      0x1b3 ./Core/Src/adc.o
 .debug_macro   0x0000000000000e70       0x2e ./Core/Src/adc.o
 .debug_macro   0x0000000000000e9e       0x28 ./Core/Src/adc.o
 .debug_macro   0x0000000000000ec6       0x22 ./Core/Src/adc.o
 .debug_macro   0x0000000000000ee8       0x8e ./Core/Src/adc.o
 .debug_macro   0x0000000000000f76       0x51 ./Core/Src/adc.o
 .debug_macro   0x0000000000000fc7      0x103 ./Core/Src/adc.o
 .debug_macro   0x00000000000010ca       0x6a ./Core/Src/adc.o
 .debug_macro   0x0000000000001134      0x1df ./Core/Src/adc.o
 .debug_macro   0x0000000000001313       0x1c ./Core/Src/adc.o
 .debug_macro   0x000000000000132f       0x22 ./Core/Src/adc.o
 .debug_macro   0x0000000000001351      0x101 ./Core/Src/adc.o
 .debug_macro   0x0000000000001452     0x1011 ./Core/Src/adc.o
 .debug_macro   0x0000000000002463      0x11f ./Core/Src/adc.o
 .debug_macro   0x0000000000002582    0x1479f ./Core/Src/adc.o
 .debug_macro   0x0000000000016d21       0x43 ./Core/Src/adc.o
 .debug_macro   0x0000000000016d64     0x3897 ./Core/Src/adc.o
 .debug_macro   0x000000000001a5fb      0x174 ./Core/Src/adc.o
 .debug_macro   0x000000000001a76f       0x5c ./Core/Src/adc.o
 .debug_macro   0x000000000001a7cb     0x118b ./Core/Src/adc.o
 .debug_macro   0x000000000001b956      0x535 ./Core/Src/adc.o
 .debug_macro   0x000000000001be8b      0x13d ./Core/Src/adc.o
 .debug_macro   0x000000000001bfc8      0x122 ./Core/Src/adc.o
 .debug_macro   0x000000000001c0ea      0x26b ./Core/Src/adc.o
 .debug_macro   0x000000000001c355      0x23d ./Core/Src/adc.o
 .debug_macro   0x000000000001c592      0xdd8 ./Core/Src/adc.o
 .debug_macro   0x000000000001d36a      0x61d ./Core/Src/adc.o
 .debug_macro   0x000000000001d987      0x241 ./Core/Src/adc.o
 .debug_macro   0x000000000001dbc8      0x241 ./Core/Src/adc.o
 .debug_macro   0x000000000001de09      0x375 ./Core/Src/adc.o
 .debug_macro   0x000000000001e17e       0xd6 ./Core/Src/adc.o
 .debug_macro   0x000000000001e254      0x22c ./Core/Src/adc.o
 .debug_macro   0x000000000001e480       0x61 ./Core/Src/adc.o
 .debug_macro   0x000000000001e4e1       0xa5 ./Core/Src/adc.o
 .debug_macro   0x000000000001e586      0x122 ./Core/Src/adc.o
 .debug_macro   0x000000000001e6a8      0x357 ./Core/Src/adc.o
 .debug_macro   0x000000000001e9ff      0xa75 ./Core/Src/adc.o
 .debug_macro   0x000000000001f474      0x12e ./Core/Src/adc.o
 .debug_macro   0x000000000001f5a2      0x5ba ./Core/Src/adc.o
 .debug_macro   0x000000000001fb5c       0x44 ./Core/Src/adc.o
 .debug_macro   0x000000000001fba0      0x221 ./Core/Src/adc.o
 .debug_macro   0x000000000001fdc1      0x100 ./Core/Src/adc.o
 .debug_macro   0x000000000001fec1      0x215 ./Core/Src/dma.o
 .debug_macro   0x00000000000200d6      0x2e7 ./Core/Src/driving.o
 .debug_macro   0x00000000000203bd       0x4c ./Core/Src/driving.o
 .debug_macro   0x0000000000020409       0x18 ./Core/Src/driving.o
 .debug_macro   0x0000000000020421       0x94 ./Core/Src/driving.o
 .debug_macro   0x00000000000204b5       0x3c ./Core/Src/driving.o
 .debug_macro   0x00000000000204f1       0x34 ./Core/Src/driving.o
 .debug_macro   0x0000000000020525       0x16 ./Core/Src/driving.o
 .debug_macro   0x000000000002053b       0x43 ./Core/Src/driving.o
 .debug_macro   0x000000000002057e       0x57 ./Core/Src/driving.o
 .debug_macro   0x00000000000205d5       0x34 ./Core/Src/driving.o
 .debug_macro   0x0000000000020609       0x10 ./Core/Src/driving.o
 .debug_macro   0x0000000000020619       0x58 ./Core/Src/driving.o
 .debug_macro   0x0000000000020671       0x71 ./Core/Src/driving.o
 .debug_macro   0x00000000000206e2       0x1c ./Core/Src/driving.o
 .debug_macro   0x00000000000206fe      0x12a ./Core/Src/driving.o
 .debug_macro   0x0000000000020828      0x339 ./Core/Src/driving.o
 .debug_macro   0x0000000000020b61      0x1a9 ./Core/Src/driving.o
 .debug_macro   0x0000000000020d0a       0xfb ./Core/Src/driving.o
 .debug_macro   0x0000000000020e05       0x56 ./Core/Src/driving.o
 .debug_macro   0x0000000000020e5b       0x28 ./Core/Src/driving.o
 .debug_macro   0x0000000000020e83      0x215 ./Core/Src/gpio.o
 .debug_macro   0x0000000000021098      0x3c7 ./Core/Src/main.o
 .debug_macro   0x000000000002145f       0x52 ./Core/Src/main.o
 .debug_macro   0x00000000000214b1       0x16 ./Core/Src/main.o
 .debug_macro   0x00000000000214c7       0x35 ./Core/Src/main.o
 .debug_macro   0x00000000000214fc      0x333 ./Core/Src/main.o
 .debug_macro   0x000000000002182f       0x10 ./Core/Src/main.o
 .debug_macro   0x000000000002183f       0x10 ./Core/Src/main.o
 .debug_macro   0x000000000002184f       0x1c ./Core/Src/main.o
 .debug_macro   0x000000000002186b       0x52 ./Core/Src/main.o
 .debug_macro   0x00000000000218bd       0x22 ./Core/Src/main.o
 .debug_macro   0x00000000000218df       0x10 ./Core/Src/main.o
 .debug_macro   0x00000000000218ef       0x40 ./Core/Src/main.o
 .debug_macro   0x000000000002192f       0xd5 ./Core/Src/main.o
 .debug_macro   0x0000000000021a04       0x1c ./Core/Src/main.o
 .debug_macro   0x0000000000021a20       0x3d ./Core/Src/main.o
 .debug_macro   0x0000000000021a5d       0x16 ./Core/Src/main.o
 .debug_macro   0x0000000000021a73      0x145 ./Core/Src/main.o
 .debug_macro   0x0000000000021bb8      0x3a5 ./Core/Src/sensors.o
 .debug_macro   0x0000000000021f5d       0x97 ./Core/Src/sensors.o
 .debug_macro   0x0000000000021ff4       0xfd ./Core/Src/sensors.o
 .debug_macro   0x00000000000220f1      0x20b ./Core/Src/stm32l4xx_hal_msp.o
 .debug_macro   0x00000000000222fc      0x215 ./Core/Src/stm32l4xx_it.o
 .debug_macro   0x0000000000022511       0xff ./Core/Src/sysmem.o
 .debug_macro   0x0000000000022610      0x23b ./Core/Src/sysmem.o
 .debug_macro   0x000000000002284b      0x1fc ./Core/Src/system_stm32l4xx.o
 .debug_macro   0x0000000000022a47      0x3e7 ./Core/Src/tasks.o
 .debug_macro   0x0000000000022e2e      0x215 ./Core/Src/tim.o
 .debug_macro   0x0000000000023043      0x215 ./Core/Src/usart.o
 .debug_macro   0x0000000000023258      0x3a3 ./Core/Src/utility.o
 .debug_macro   0x00000000000235fb      0x244 ./Drivers/STM32L4xx_HAL_Driver/Src/stm32l4xx_hal.o
 .debug_macro   0x000000000002383f      0x219 ./Drivers/STM32L4xx_HAL_Driver/Src/stm32l4xx_hal_adc.o
 .debug_macro   0x0000000000023a58      0x1fc ./Drivers/STM32L4xx_HAL_Driver/Src/stm32l4xx_hal_cortex.o
 .debug_macro   0x0000000000023c54      0x1fc ./Drivers/STM32L4xx_HAL_Driver/Src/stm32l4xx_hal_dma.o
 .debug_macro   0x0000000000023e50      0x23b ./Drivers/STM32L4xx_HAL_Driver/Src/stm32l4xx_hal_gpio.o
 .debug_macro   0x000000000002408b      0x214 ./Drivers/STM32L4xx_HAL_Driver/Src/stm32l4xx_hal_pwr.o
 .debug_macro   0x000000000002429f      0x220 ./Drivers/STM32L4xx_HAL_Driver/Src/stm32l4xx_hal_pwr_ex.o
 .debug_macro   0x00000000000244bf      0x23e ./Drivers/STM32L4xx_HAL_Driver/Src/stm32l4xx_hal_rcc.o
 .debug_macro   0x00000000000246fd      0x232 ./Drivers/STM32L4xx_HAL_Driver/Src/stm32l4xx_hal_rcc_ex.o
 .debug_macro   0x000000000002492f      0x1fd ./Drivers/STM32L4xx_HAL_Driver/Src/stm32l4xx_hal_tim.o
 .debug_macro   0x0000000000024b2c      0x1fc ./Drivers/STM32L4xx_HAL_Driver/Src/stm32l4xx_hal_tim_ex.o
 .debug_macro   0x0000000000024d28      0x227 ./Drivers/STM32L4xx_HAL_Driver/Src/stm32l4xx_hal_uart.o

.debug_line     0x0000000000000000    0x172bf
 .debug_line    0x0000000000000000      0x895 ./Core/Src/adc.o
 .debug_line    0x0000000000000895      0x76b ./Core/Src/dma.o
 .debug_line    0x0000000000001000      0x981 ./Core/Src/driving.o
 .debug_line    0x0000000000001981      0x796 ./Core/Src/gpio.o
 .debug_line    0x0000000000002117      0xa71 ./Core/Src/main.o
 .debug_line    0x0000000000002b88      0xa64 ./Core/Src/sensors.o
 .debug_line    0x00000000000035ec      0x770 ./Core/Src/stm32l4xx_hal_msp.o
 .debug_line    0x0000000000003d5c      0x84a ./Core/Src/stm32l4xx_it.o
 .debug_line    0x00000000000045a6      0x534 ./Core/Src/sysmem.o
 .debug_line    0x0000000000004ada      0x820 ./Core/Src/system_stm32l4xx.o
 .debug_line    0x00000000000052fa      0xbda ./Core/Src/tasks.o
 .debug_line    0x0000000000005ed4      0x86e ./Core/Src/tim.o
 .debug_line    0x0000000000006742      0x801 ./Core/Src/usart.o
 .debug_line    0x0000000000006f43      0xa31 ./Core/Src/utility.o
 .debug_line    0x0000000000007974       0x87 ./Core/Startup/startup_stm32l432kcux.o
 .debug_line    0x00000000000079fb      0xacc ./Drivers/STM32L4xx_HAL_Driver/Src/stm32l4xx_hal.o
 .debug_line    0x00000000000084c7     0x1c3e ./Drivers/STM32L4xx_HAL_Driver/Src/stm32l4xx_hal_adc.o
 .debug_line    0x000000000000a105      0xd06 ./Drivers/STM32L4xx_HAL_Driver/Src/stm32l4xx_hal_cortex.o
 .debug_line    0x000000000000ae0b      0xd3e ./Drivers/STM32L4xx_HAL_Driver/Src/stm32l4xx_hal_dma.o
 .debug_line    0x000000000000bb49      0xb5a ./Drivers/STM32L4xx_HAL_Driver/Src/stm32l4xx_hal_gpio.o
 .debug_line    0x000000000000c6a3      0x93c ./Drivers/STM32L4xx_HAL_Driver/Src/stm32l4xx_hal_pwr.o
 .debug_line    0x000000000000cfdf      0xc52 ./Drivers/STM32L4xx_HAL_Driver/Src/stm32l4xx_hal_pwr_ex.o
 .debug_line    0x000000000000dc31      0xfe5 ./Drivers/STM32L4xx_HAL_Driver/Src/stm32l4xx_hal_rcc.o
 .debug_line    0x000000000000ec16     0x1331 ./Drivers/STM32L4xx_HAL_Driver/Src/stm32l4xx_hal_rcc_ex.o
 .debug_line    0x000000000000ff47     0x3aba ./Drivers/STM32L4xx_HAL_Driver/Src/stm32l4xx_hal_tim.o
 .debug_line    0x0000000000013a01     0x1b3b ./Drivers/STM32L4xx_HAL_Driver/Src/stm32l4xx_hal_tim_ex.o
 .debug_line    0x000000000001553c     0x1d83 ./Drivers/STM32L4xx_HAL_Driver/Src/stm32l4xx_hal_uart.o

.debug_str      0x0000000000000000    0xdcf6a
 .debug_str     0x0000000000000000    0xd2ba6 ./Core/Src/adc.o
                                      0xd312e (size before relaxing)
 .debug_str     0x00000000000d2ba6      0x3a5 ./Core/Src/dma.o
                                      0xd2e05 (size before relaxing)
 .debug_str     0x00000000000d2f4b     0x3afc ./Core/Src/driving.o
                                      0xd6985 (size before relaxing)
 .debug_str     0x00000000000d6a47       0x2c ./Core/Src/gpio.o
                                      0xd2ada (size before relaxing)